Archive member included to satisfy reference by file (symbol)

c:/program files (x86)/atmel/studio/7.0/toolchain/avr8/avr8-gnu-toolchain/bin/../lib/gcc/avr/5.4.0/../../../../avr/lib/avr6\libm.a(cmpsf2.o)
                              FreeRTOS/src/variantHooks.o (__ltsf2)
c:/program files (x86)/atmel/studio/7.0/toolchain/avr8/avr8-gnu-toolchain/bin/../lib/gcc/avr/5.4.0/../../../../avr/lib/avr6\libm.a(fixunssfsi.o)
                              src/handler/sensor_data_package_handler.o (__fixunssfsi)
c:/program files (x86)/atmel/studio/7.0/toolchain/avr8/avr8-gnu-toolchain/bin/../lib/gcc/avr/5.4.0/../../../../avr/lib/avr6\libm.a(fp_cmp.o)
                              c:/program files (x86)/atmel/studio/7.0/toolchain/avr8/avr8-gnu-toolchain/bin/../lib/gcc/avr/5.4.0/../../../../avr/lib/avr6\libm.a(cmpsf2.o) (__fp_cmp)
c:/program files (x86)/atmel/studio/7.0/toolchain/avr8/avr8-gnu-toolchain/bin/../lib/gcc/avr/5.4.0/../../../../avr/lib/avr6\libm.a(fp_split3.o)
                              c:/program files (x86)/atmel/studio/7.0/toolchain/avr8/avr8-gnu-toolchain/bin/../lib/gcc/avr/5.4.0/../../../../avr/lib/avr6\libm.a(fixunssfsi.o) (__fp_splitA)
c:/program files (x86)/atmel/studio/7.0/toolchain/avr8/avr8-gnu-toolchain/bin/../lib/gcc/avr/5.4.0/../../../../avr/lib/avr6\libm.a(fp_zero.o)
                              c:/program files (x86)/atmel/studio/7.0/toolchain/avr8/avr8-gnu-toolchain/bin/../lib/gcc/avr/5.4.0/../../../../avr/lib/avr6\libm.a(fixunssfsi.o) (__fp_zero)
c:/program files (x86)/atmel/studio/7.0/toolchain/avr8/avr8-gnu-toolchain/bin/../lib/gcc/avr/5.4.0/../../../../avr/lib/avr6\libm.a(gesf2.o)
                              FreeRTOS/src/variantHooks.o (__gtsf2)
c:/program files (x86)/atmel/studio/7.0/toolchain/avr8/avr8-gnu-toolchain/bin/../lib/gcc/avr/5.4.0/../../../../avr/lib/avr6\libm.a(mulsf3.o)
                              src/handler/sensor_data_package_handler.o (__mulsf3)
c:/program files (x86)/atmel/studio/7.0/toolchain/avr8/avr8-gnu-toolchain/bin/../lib/gcc/avr/5.4.0/../../../../avr/lib/avr6\libm.a(mulsf3x.o)
                              c:/program files (x86)/atmel/studio/7.0/toolchain/avr8/avr8-gnu-toolchain/bin/../lib/gcc/avr/5.4.0/../../../../avr/lib/avr6\libm.a(mulsf3.o) (__mulsf3x)
c:/program files (x86)/atmel/studio/7.0/toolchain/avr8/avr8-gnu-toolchain/bin/../lib/gcc/avr/5.4.0/../../../../avr/lib/avr6\libm.a(fp_inf.o)
                              c:/program files (x86)/atmel/studio/7.0/toolchain/avr8/avr8-gnu-toolchain/bin/../lib/gcc/avr/5.4.0/../../../../avr/lib/avr6\libm.a(mulsf3x.o) (__fp_inf)
c:/program files (x86)/atmel/studio/7.0/toolchain/avr8/avr8-gnu-toolchain/bin/../lib/gcc/avr/5.4.0/../../../../avr/lib/avr6\libm.a(fp_nan.o)
                              c:/program files (x86)/atmel/studio/7.0/toolchain/avr8/avr8-gnu-toolchain/bin/../lib/gcc/avr/5.4.0/../../../../avr/lib/avr6\libm.a(mulsf3x.o) (__fp_nan)
c:/program files (x86)/atmel/studio/7.0/toolchain/avr8/avr8-gnu-toolchain/bin/../lib/gcc/avr/5.4.0/../../../../avr/lib/avr6\libm.a(fp_pscA.o)
                              c:/program files (x86)/atmel/studio/7.0/toolchain/avr8/avr8-gnu-toolchain/bin/../lib/gcc/avr/5.4.0/../../../../avr/lib/avr6\libm.a(mulsf3x.o) (__fp_pscA)
c:/program files (x86)/atmel/studio/7.0/toolchain/avr8/avr8-gnu-toolchain/bin/../lib/gcc/avr/5.4.0/../../../../avr/lib/avr6\libm.a(fp_pscB.o)
                              c:/program files (x86)/atmel/studio/7.0/toolchain/avr8/avr8-gnu-toolchain/bin/../lib/gcc/avr/5.4.0/../../../../avr/lib/avr6\libm.a(mulsf3x.o) (__fp_pscB)
c:/program files (x86)/atmel/studio/7.0/toolchain/avr8/avr8-gnu-toolchain/bin/../lib/gcc/avr/5.4.0/../../../../avr/lib/avr6\libm.a(fp_round.o)
                              c:/program files (x86)/atmel/studio/7.0/toolchain/avr8/avr8-gnu-toolchain/bin/../lib/gcc/avr/5.4.0/../../../../avr/lib/avr6\libm.a(mulsf3.o) (__fp_round)
../drivers\libIotLibrary.a(hal.o)
                              src/tasks/lora_sensor_task.o (hal_create)
../drivers\libIotLibrary.a(hih8120.o)
                              src/setup/setup_drivers.o (hih8120Create)
../drivers\libIotLibrary.a(led.o)
                              ../drivers\libIotLibrary.a(hal.o) (led_create)
../drivers\libIotLibrary.a(lora_driver.o)
                              drivers/docs/example/loraWANHandler.o (lora_driver_flush_buffers)
../drivers\libIotLibrary.a(lora_driver_utils.o)
                              ../drivers\libIotLibrary.a(lora_driver.o) (decode_port_no)
../drivers\libIotLibrary.a(mega_register_access.o)
                              ../drivers\libIotLibrary.a(hal.o) (reg_read_register)
../drivers\libIotLibrary.a(mh_z19.o)
                              src/setup/setup_drivers.o (mh_z19_create)
../drivers\libIotLibrary.a(serial.o)
                              ../drivers\libIotLibrary.a(lora_driver.o) (serial_new_instance)
../drivers\libIotLibrary.a(stdio_driver.o)
                              src/main.o (stdioCreate)
../drivers\libIotLibrary.a(tsl2591.o)
[...]
Memory Configuration

Name             Origin             Length             Attributes
text             0x00000000         0x00100000         xr
data             0x00800200         0x0000fe00         rw !x
eeprom           0x00810000         0x00010000         rw !x
fuse             0x00820000         0x00000003         rw !x
lock             0x00830000         0x00000400         rw !x
signature        0x00840000         0x00000400         rw !x
user_signatures  0x00850000         0x00000400         rw !x
*default*        0x00000000         0xffffffff

Linker script and memory map

Address of section .data set to 0x800200
LOAD C:/Program Files (x86)/Atmel/Studio/7.0/Packs/atmel/ATmega_DFP/1.3.300/gcc/dev/atmega2560/avr6/crtatmega2560.o
LOAD drivers/docs/example/loraWANHandler.o
LOAD src/handler/sensor_data_package_handler.o
LOAD src/main.o
LOAD src/setup/setup_drivers.o
LOAD src/tasks/co2_sensor_task.o
LOAD src/tasks/light_sensor_task.o
LOAD src/tasks/lora_sensor_task.o
LOAD src/tasks/sensor_control_task.o
LOAD src/tasks/temperature_humidity_task.o
LOAD FreeRTOS/FreeRTOSTraceDriver/FreeRTOSTraceDriver.o
LOAD FreeRTOS/src/croutine.o
LOAD FreeRTOS/src/event_groups.o
LOAD FreeRTOS/src/heap_4.o
LOAD FreeRTOS/src/list.o
LOAD FreeRTOS/src/port.o
LOAD FreeRTOS/src/queue.o
LOAD FreeRTOS/src/stream_buffer.o
LOAD FreeRTOS/src/tasks.o
LOAD FreeRTOS/src/timers.o
LOAD FreeRTOS/src/variantHooks.o
START GROUP
LOAD c:/program files (x86)/atmel/studio/7.0/toolchain/avr8/avr8-gnu-toolchain/bin/../lib/gcc/avr/5.4.0/../../../../avr/lib/avr6\libm.a
LOAD ../drivers\libIotLibrary.a
LOAD c:/program files (x86)/atmel/studio/7.0/toolchain/avr8/avr8-gnu-toolchain/bin/../lib/gcc/avr/5.4.0/../../../../avr/lib/avr6\libprintf_flt.a
END GROUP
LOAD c:/program files (x86)/atmel/studio/7.0/toolchain/avr8/avr8-gnu-toolchain/bin/../lib/gcc/avr/5.4.0/../../../../avr/lib/avr6\libprintf_flt.a
START GROUP
LOAD c:/program files (x86)/atmel/studio/7.0/toolchain/avr8/avr8-gnu-toolchain/bin/../lib/gcc/avr/5.4.0/avr6\libgcc.a
LOAD c:/program files (x86)/atmel/studio/7.0/toolchain/avr8/avr8-gnu-toolchain/bin/../lib/gcc/avr/5.4.0/../../../../avr/lib/avr6\libm.a
LOAD c:/program files (x86)/atmel/studio/7.0/toolchain/avr8/avr8-gnu-toolchain/bin/../lib/gcc/avr/5.4.0/../../../../avr/lib/avr6\libc.a
LOAD C:/Program Files (x86)/Atmel/Studio/7.0/Packs/atmel/ATmega_DFP/1.3.300/gcc/dev/atmega2560/avr6\libatmega2560.a
END GROUP
                0x00000000                __TEXT_REGION_ORIGIN__ = DEFINED (__TEXT_REGION_ORIGIN__)?__TEXT_REGION_ORIGIN__:0x0
                0x00800200                __DATA_REGION_ORIGIN__ = DEFINED (__DATA_REGION_ORIGIN__)?__DATA_REGION_ORIGIN__:0x800200
                0x00100000                __TEXT_REGION_LENGTH__ = DEFINED (__TEXT_REGION_LENGTH__)?__TEXT_REGION_LENGTH__:0x100000
                0x0000fe00                __DATA_REGION_LENGTH__ = DEFINED (__DATA_REGION_LENGTH__)?__DATA_REGION_LENGTH__:0xfe00
                0x00010000                __EEPROM_REGION_LENGTH__ = DEFINED (__EEPROM_REGION_LENGTH__)?__EEPROM_REGION_LENGTH__:0x10000
                [0x00000003]                __FUSE_REGION_LENGTH__ = DEFINED (__FUSE_REGION_LENGTH__)?__FUSE_REGION_LENGTH__:0x400
                0x00000400                __LOCK_REGION_LENGTH__ = DEFINED (__LOCK_REGION_LENGTH__)?__LOCK_REGION_LENGTH__:0x400
                0x00000400                __SIGNATURE_REGION_LENGTH__ = DEFINED (__SIGNATURE_REGION_LENGTH__)?__SIGNATURE_REGION_LENGTH__:0x400
                0x00000400                __USER_SIGNATURE_REGION_LENGTH__ = DEFINED (__USER_SIGNATURE_REGION_LENGTH__)?__USER_SIGNATURE_REGION_LENGTH__:0x400

.hash
 *(.hash)

.dynsym
 *(.dynsym)

.dynstr
 *(.dynstr)

.gnu.version
 *(.gnu.version)

.gnu.version_d
 *(.gnu.version_d)

.gnu.version_r
 *(.gnu.version_r)

.rel.init
 *(.rel.init)

.rela.init
 *(.rela.init)

.rel.text
 *(.rel.text)
 *(.rel.text.*)
 *(.rel.gnu.linkonce.t*)

.rela.text
 *(.rela.text)
 *(.rela.text.*)
 *(.rela.gnu.linkonce.t*)

.rel.fini
 *(.rel.fini)

.rela.fini
 *(.rela.fini)

.rel.rodata
 *(.rel.rodata)
 *(.rel.rodata.*)
 *(.rel.gnu.linkonce.r*)

.rela.rodata
 *(.rela.rodata)
 *(.rela.rodata.*)
 *(.rela.gnu.linkonce.r*)

.rel.data
 *(.rel.data)
 *(.rel.data.*)
 *(.rel.gnu.linkonce.d*)

.rela.data
 *(.rela.data)
 *(.rela.data.*)
 *(.rela.gnu.linkonce.d*)

.rel.ctors
 *(.rel.ctors)

.rela.ctors
 *(.rela.ctors)

.rel.dtors
 *(.rel.dtors)

.rela.dtors
 *(.rela.dtors)

.rel.got
 *(.rel.got)

.rela.got
 *(.rela.got)

.rel.bss
 *(.rel.bss)

.rela.bss
 *(.rela.bss)

.rel.plt
 *(.rel.plt)

.rela.plt
 *(.rela.plt)

.text           0x00000000     0x9798
 *(.vectors)
 .vectors       0x00000000       0xe4 C:/Program Files (x86)/Atmel/Studio/7.0/Packs/atmel/ATmega_DFP/1.3.300/gcc/dev/atmega2560/avr6/crtatmega2560.o
                0x00000000                __vector_default
                0x00000000                __vectors
 *(.vectors)
 *(.progmem.gcc*)
 .progmem.gcc_sw_table.prvProcessReceivedCommands
                0x000000e4       0x14 FreeRTOS/src/timers.o
 .progmem.gcc_sw_table.__vector_39
                0x000000f8       0xa2 ../drivers\libIotLibrary.a(twi.o)
                0x0000019a                . = ALIGN (0x2)
                0x0000019a                __trampolines_start = .
 *(.trampolines)
 .trampolines   0x0000019a        0x0 linker stubs
 *(.trampolines*)
                0x0000019a                __trampolines_end = .
 *libprintf_flt.a:*(.progmem.data)
 .progmem.data  0x0000019a        0x8 c:/program files (x86)/atmel/studio/7.0/toolchain/avr8/avr8-gnu-toolchain/bin/../lib/gcc/avr/5.4.0/../../../../avr/lib/avr6\libprintf_flt.a(vfprintf_flt.o)
 *libc.a:*(.progmem.data)
 .progmem.data  0x000001a2       0xfa c:/program files (x86)/atmel/studio/7.0/toolchain/avr8/avr8-gnu-toolchain/bin/../lib/gcc/avr/5.4.0/../../../../avr/lib/avr6\libc.a(ftoa_engine.o)
 *(.progmem*)
                0x0000029c                . = ALIGN (0x2)
 *(.jumptables)
 *(.jumptables*)
 *(.lowtext)
 .lowtext       0x0000029c       0x26 FreeRTOS/src/tasks.o
 .lowtext       0x000002c2       0x46 FreeRTOS/src/timers.o
 *(.lowtext*)
                0x00000308                __ctors_start = .
 *(.ctors)
                0x00000308                __ctors_end = .
                0x00000308                __dtors_start = .
 *(.dtors)
                0x00000308                __dtors_end = .
 SORT(*)(.ctors)
 SORT(*)(.dtors)
 *(.init0)
 .init0         0x00000308        0x0 C:/Program Files (x86)/Atmel/Studio/7.0/Packs/atmel/ATmega_DFP/1.3.300/gcc/dev/atmega2560/avr6/crtatmega2560.o
                0x00000308                __init
 *(.init0)
 *(.init1)
 *(.init1)
 *(.init2)
 .init2         0x00000308       0x10 C:/Program Files (x86)/Atmel/Studio/7.0/Packs/atmel/ATmega_DFP/1.3.300/gcc/dev/atmega2560/avr6/crtatmega2560.o
 *(.init2)
 *(.init3)
 *(.init3)
 *(.init4)
 .init4         0x00000318       0x1a c:/program files (x86)/atmel/studio/7.0/toolchain/avr8/avr8-gnu-toolchain/bin/../lib/gcc/avr/5.4.0/avr6\libgcc.a(_copy_data.o)
                0x00000318                __do_copy_data
 .init4         0x00000332       0x10 c:/program files (x86)/atmel/studio/7.0/toolchain/avr8/avr8-gnu-toolchain/bin/../lib/gcc/avr/5.4.0/avr6\libgcc.a(_clear_bss.o)
                0x00000332                __do_clear_bss
 *(.init4)
 *(.init5)
 *(.init5)
 *(.init6)
 *(.init6)
 *(.init7)
 *(.init7)
 *(.init8)
 *(.init8)
 *(.init9)
 .init9         0x00000342        0x6 C:/Program Files (x86)/Atmel/Studio/7.0/Packs/atmel/ATmega_DFP/1.3.300/gcc/dev/atmega2560/avr6/crtatmega2560.o
 *(.init9)
 *(.text)
 .text          0x00000348        0x2 C:/Program Files (x86)/Atmel/Studio/7.0/Packs/atmel/ATmega_DFP/1.3.300/gcc/dev/atmega2560/avr6/crtatmega2560.o
                0x00000348                __vector_38
                0x00000348                __vector_22
                0x00000348                __vector_28
                0x00000348                __vector_1
                0x00000348                __vector_32
                0x00000348                __vector_34
                0x00000348                __vector_24
                0x00000348                __vector_46
                0x00000348                __bad_interrupt
                0x00000348                __vector_6
                0x00000348                __vector_31
                0x00000348                __vector_35
                0x00000348                __vector_3
                0x00000348                __vector_23
                0x00000348                __vector_30
                0x00000348                __vector_45
                0x00000348                __vector_11
                0x00000348                __vector_13
                0x00000348                __vector_17
                0x00000348                __vector_19
                0x00000348                __vector_56
                0x00000348                __vector_7
                0x00000348                __vector_49
                0x00000348                __vector_41
                0x00000348                __vector_43
                0x00000348                __vector_27
                0x00000348                __vector_5
                0x00000348                __vector_33
                0x00000348                __vector_47
                0x00000348                __vector_4
                0x00000348                __vector_44
                0x00000348                __vector_9
                0x00000348                __vector_2
                0x00000348                __vector_21
                0x00000348                __vector_15
                0x00000348                __vector_29
                0x00000348                __vector_40
                0x00000348                __vector_8
                0x00000348                __vector_48
                0x00000348                __vector_14
                0x00000348                __vector_53
                0x00000348                __vector_10
                0x00000348                __vector_50
                0x00000348                __vector_16
                0x00000348                __vector_18
                0x00000348                __vector_20
                0x00000348                __vector_42
                0x0000034a                . = ALIGN (0x2)
 *(.text.*)
 .text.SensorDataPackageHandler_setCo2ppm
                0x0000034a       0x28 src/handler/sensor_data_package_handler.o
                0x0000034a                SensorDataPackageHandler_setCo2ppm
 .text.SensorDataPackageHandler_setHumidity
                0x00000372       0x3c src/handler/sensor_data_package_handler.o
                0x00000372                SensorDataPackageHandler_setHumidity
 .text.SensorDataPackageHandler_setTemperature
                0x000003ae       0x3c src/handler/sensor_data_package_handler.o
                0x000003ae                SensorDataPackageHandler_setTemperature
 .text.SensorDataPackageHandler_setLight
                0x000003ea       0x3c src/handler/sensor_data_package_handler.o
                0x000003ea                SensorDataPackageHandler_setLight
 .text.SensorDataPackageHandler_getLoraPayload
                0x00000426      0x13a src/handler/sensor_data_package_handler.o
                0x00000426                SensorDataPackageHandler_getLoraPayload
 .text.main     0x00000560       0x20 src/main.o
                0x00000560                main
 .text.co2Sensor_callback
                0x00000580       0x3c src/tasks/co2_sensor_task.o
                0x00000580                co2Sensor_callback
 .text._setup_co2_driver
                0x000005bc       0x1a src/tasks/co2_sensor_task.o
 .text._CO2SensorTask
                0x000005d6       0x74 src/tasks/co2_sensor_task.o
                0x000005d6                _CO2SensorTask
 .text.co2Sensor_create
                0x0000064a       0x90 src/tasks/co2_sensor_task.o
                0x0000064a                co2Sensor_create
 .text.co2sensor_getCo2
                0x000006da       0x16 src/tasks/co2_sensor_task.o
                0x000006da                co2sensor_getCo2
 .text.LightSensor_callback
                0x000006f0       0x92 src/tasks/light_sensor_task.o
                0x000006f0                LightSensor_callback
 .text._setup_light_driver
                0x00000782       0x54 src/tasks/light_sensor_task.o
 .text.vALightSensorTask
                0x000007d6       0x78 src/tasks/light_sensor_task.o
                0x000007d6                vALightSensorTask
 .text.LightSensor_create
                0x0000084e       0x98 src/tasks/light_sensor_task.o
                0x0000084e                LightSensor_create
 .text.LightSensor_getLightMeasurement
                0x000008e6       0x22 src/tasks/light_sensor_task.o
                0x000008e6                LightSensor_getLightMeasurement
 .text._setup_lora_driver
                0x00000908      0x26c src/tasks/lora_sensor_task.o
 .text.loraDriver_sent_upload_message
                0x00000b74       0x80 src/tasks/lora_sensor_task.o
                0x00000b74                loraDriver_sent_upload_message
 .text.vALoraTask
                0x00000bf4       0xa6 src/tasks/lora_sensor_task.o
                0x00000bf4                vALoraTask
 .text._init_hal
                0x00000c9a       0x20 src/tasks/lora_sensor_task.o
 .text.loraSensor_create
                0x00000cba       0x74 src/tasks/lora_sensor_task.o
                0x00000cba                loraSensor_create
 .text.vASensorControlTask
                0x00000d2e      0x23e src/tasks/sensor_control_task.o
                0x00000d2e                vASensorControlTask
 .text.sensorControl_create
                0x00000f6c      0x136 src/tasks/sensor_control_task.o
                0x00000f6c                sensorControl_create
 .text._setup_temperature_humidity_driver
                0x000010a2       0x34 src/tasks/temperature_humidity_task.o
 .text._TemperatureHumiditySensorTask
                0x000010d6      0x146 src/tasks/temperature_humidity_task.o
                0x000010d6                _TemperatureHumiditySensorTask
 .text.temperatureHumiditySensor_create
                0x0000121c       0xa8 src/tasks/temperature_humidity_task.o
                0x0000121c                temperatureHumiditySensor_create
 .text.temperatureHumiditySensor_getHumidity
                0x000012c4       0x22 src/tasks/temperature_humidity_task.o
                0x000012c4                temperatureHumiditySensor_getHumidity
 .text.temperatureHumiditySensor_getTemperature
                0x000012e6       0x22 src/tasks/temperature_humidity_task.o
                0x000012e6                temperatureHumiditySensor_getTemperature
 .text.trace_init
                0x00001308       0x22 FreeRTOS/FreeRTOSTraceDriver/FreeRTOSTraceDriver.o
                0x00001308                trace_init
 .text.task_switch_in
                0x0000132a       0x40 FreeRTOS/FreeRTOSTraceDriver/FreeRTOSTraceDriver.o
                0x0000132a                task_switch_in
 .text.task_switch_out
                0x0000136a       0x28 FreeRTOS/FreeRTOSTraceDriver/FreeRTOSTraceDriver.o
                0x0000136a                task_switch_out
 .text.xEventGroupCreate
                0x00001392       0x42 FreeRTOS/src/event_groups.o
                0x00001392                xEventGroupCreate
 .text.xEventGroupWaitBits
                0x000013d4      0x26e FreeRTOS/src/event_groups.o
                0x000013d4                xEventGroupWaitBits
 .text.xEventGroupSetBits
                0x00001642      0x21c FreeRTOS/src/event_groups.o
                0x00001642                xEventGroupSetBits
 .text.prvTestWaitCondition
                0x0000185e       0x9a FreeRTOS/src/event_groups.o
 .text.pvPortMalloc
                0x000018f8      0x1fe FreeRTOS/src/heap_4.o
                0x000018f8                pvPortMalloc
 .text.vPortFree
                0x00001af6       0xcc FreeRTOS/src/heap_4.o
                0x00001af6                vPortFree
 .text.prvHeapInit
                0x00001bc2      0x100 FreeRTOS/src/heap_4.o
 .text.prvInsertBlockIntoFreeList
                0x00001cc2      0x168 FreeRTOS/src/heap_4.o
 .text.vListInitialise
                0x00001e2a       0x74 FreeRTOS/src/list.o
                0x00001e2a                vListInitialise
 .text.vListInitialiseItem
                0x00001e9e       0x26 FreeRTOS/src/list.o
                0x00001e9e                vListInitialiseItem
 .text.vListInsertEnd
                0x00001ec4       0x9c FreeRTOS/src/list.o
                0x00001ec4                vListInsertEnd
 .text.vListInsert
                0x00001f60      0x10e FreeRTOS/src/list.o
                0x00001f60                vListInsert
 .text.uxListRemove
                0x0000206e       0xae FreeRTOS/src/list.o
                0x0000206e                uxListRemove
 .text.pxPortInitialiseStack
                0x0000211c      0x388 FreeRTOS/src/port.o
                0x0000211c                pxPortInitialiseStack
 .text.xPortStartScheduler
                0x000024a4       0x70 FreeRTOS/src/port.o
                0x000024a4                xPortStartScheduler
 .text.vPortYield
                0x00002514       0xc4 FreeRTOS/src/port.o
                0x00002514                vPortYield
 .text.vPortYieldFromTick
                0x000025d8       0xd4 FreeRTOS/src/port.o
                0x000025d8                vPortYieldFromTick
 .text.prvSetupTimerInterrupt
                0x000026ac       0x3e FreeRTOS/src/port.o
 .text.__vector_12
                0x000026ea        0x6 FreeRTOS/src/port.o
                0x000026ea                __vector_12
 .text.xQueueGenericReset
                0x000026f0      0x120 FreeRTOS/src/queue.o
                0x000026f0                xQueueGenericReset
 .text.xQueueGenericCreate
                0x00002810       0x9c FreeRTOS/src/queue.o
                0x00002810                xQueueGenericCreate
 .text.prvInitialiseNewQueue
                0x000028ac       0x88 FreeRTOS/src/queue.o
 .text.prvInitialiseMutex
                0x00002934       0x56 FreeRTOS/src/queue.o
 .text.xQueueCreateMutex
                0x0000298a       0x3c FreeRTOS/src/queue.o
                0x0000298a                xQueueCreateMutex
 .text.xQueueGenericSend
                0x000029c6      0x16c FreeRTOS/src/queue.o
                0x000029c6                xQueueGenericSend
 .text.xQueueGenericSendFromISR
                0x00002b32       0xbc FreeRTOS/src/queue.o
                0x00002b32                xQueueGenericSendFromISR
 .text.xQueueReceive
                0x00002bee      0x168 FreeRTOS/src/queue.o
                0x00002bee                xQueueReceive
 .text.xQueueSemaphoreTake
                0x00002d56      0x1ca FreeRTOS/src/queue.o
                0x00002d56                xQueueSemaphoreTake
 .text.prvGetDisinheritPriorityAfterTimeout
                0x00002f20       0x48 FreeRTOS/src/queue.o
 .text.prvCopyDataToQueue
                0x00002f68      0x1a0 FreeRTOS/src/queue.o
 .text.prvCopyDataFromQueue
                0x00003108       0xa2 FreeRTOS/src/queue.o
 .text.prvUnlockQueue
                0x000031aa       0xbc FreeRTOS/src/queue.o
 .text.prvIsQueueEmpty
                0x00003266       0x3a FreeRTOS/src/queue.o
 .text.prvIsQueueFull
                0x000032a0       0x42 FreeRTOS/src/queue.o
 .text.vQueueWaitForMessageRestricted
                0x000032e2       0x9e FreeRTOS/src/queue.o
                0x000032e2                vQueueWaitForMessageRestricted
 .text.xStreamBufferGenericCreate
                0x00003380       0x90 FreeRTOS/src/stream_buffer.o
                0x00003380                xStreamBufferGenericCreate
 .text.xStreamBufferReset
                0x00003410       0xb2 FreeRTOS/src/stream_buffer.o
                0x00003410                xStreamBufferReset
 .text.xStreamBufferSpacesAvailable
                0x000034c2       0x9c FreeRTOS/src/stream_buffer.o
                0x000034c2                xStreamBufferSpacesAvailable
 .text.xStreamBufferSend
                0x0000355e      0x1a8 FreeRTOS/src/stream_buffer.o
                0x0000355e                xStreamBufferSend
 .text.xStreamBufferSendFromISR
                0x00003706       0xf8 FreeRTOS/src/stream_buffer.o
                0x00003706                xStreamBufferSendFromISR
 .text.prvWriteMessageToBuffer
                0x000037fe       0xd8 FreeRTOS/src/stream_buffer.o
 .text.xStreamBufferReceive
                0x000038d6      0x186 FreeRTOS/src/stream_buffer.o
                0x000038d6                xStreamBufferReceive
 .text.prvReadMessageFromBuffer
                0x00003a5c       0xcc FreeRTOS/src/stream_buffer.o
 .text.prvWriteBytesToBuffer
                0x00003b28      0x11e FreeRTOS/src/stream_buffer.o
 .text.prvReadBytesFromBuffer
                0x00003c46      0x14e FreeRTOS/src/stream_buffer.o
 .text.prvBytesInBuffer
                0x00003d94       0x86 FreeRTOS/src/stream_buffer.o
 .text.prvInitialiseNewStreamBuffer
                0x00003e1a       0x82 FreeRTOS/src/stream_buffer.o
 .text.xTaskCreate
                0x00003e9c       0xdc FreeRTOS/src/tasks.o
                0x00003e9c                xTaskCreate
 .text.prvInitialiseNewTask
                0x00003f78      0x1da FreeRTOS/src/tasks.o
 .text.prvAddNewTaskToReadyList
                0x00004152      0x102 FreeRTOS/src/tasks.o
 .text.vTaskDelay
                0x00004254       0x5c FreeRTOS/src/tasks.o
                0x00004254                vTaskDelay
 .text.vTaskStartScheduler
                0x000042b0       0x98 FreeRTOS/src/tasks.o
                0x000042b0                vTaskStartScheduler
 .text.vTaskSuspendAll
                0x00004348       0x1a FreeRTOS/src/tasks.o
                0x00004348                vTaskSuspendAll
 .text.xTaskResumeAll
                0x00004362      0x124 FreeRTOS/src/tasks.o
                0x00004362                xTaskResumeAll
 .text.xTaskGetTickCount
                0x00004486       0x48 FreeRTOS/src/tasks.o
                0x00004486                xTaskGetTickCount
 .text.xTaskIncrementTick
                0x000044ce      0x22a FreeRTOS/src/tasks.o
                0x000044ce                xTaskIncrementTick
 .text.vTaskSwitchContext
                0x000046f8      0x13c FreeRTOS/src/tasks.o
                0x000046f8                vTaskSwitchContext
 .text.vTaskPlaceOnEventList
                0x00004834       0x56 FreeRTOS/src/tasks.o
                0x00004834                vTaskPlaceOnEventList
 .text.vTaskPlaceOnUnorderedEventList
                0x0000488a       0x8a FreeRTOS/src/tasks.o
                0x0000488a                vTaskPlaceOnUnorderedEventList
 .text.vTaskPlaceOnEventListRestricted
                0x00004914       0x72 FreeRTOS/src/tasks.o
                0x00004914                vTaskPlaceOnEventListRestricted
 .text.xTaskRemoveFromEventList
                0x00004986       0xd4 FreeRTOS/src/tasks.o
                0x00004986                xTaskRemoveFromEventList
 .text.vTaskRemoveFromUnorderedEventList
                0x00004a5a       0xd2 FreeRTOS/src/tasks.o
                0x00004a5a                vTaskRemoveFromUnorderedEventList
 .text.vTaskSetTimeOutState
                0x00004b2c       0x50 FreeRTOS/src/tasks.o
                0x00004b2c                vTaskSetTimeOutState
 .text.vTaskInternalSetTimeOutState
                0x00004b7c       0x46 FreeRTOS/src/tasks.o
                0x00004b7c                vTaskInternalSetTimeOutState
 .text.xTaskCheckForTimeOut
                0x00004bc2      0x152 FreeRTOS/src/tasks.o
                0x00004bc2                xTaskCheckForTimeOut
 .text.vTaskMissedYield
                0x00004d14       0x16 FreeRTOS/src/tasks.o
                0x00004d14                vTaskMissedYield
 .text.prvInitialiseTaskLists
                0x00004d2a       0x7e FreeRTOS/src/tasks.o
 .text.prvCheckTasksWaitingTermination
                0x00004da8       0x62 FreeRTOS/src/tasks.o
 .text.prvDeleteTCB
                0x00004e0a       0x32 FreeRTOS/src/tasks.o
 .text.prvResetNextTaskUnblockTime
                0x00004e3c       0x76 FreeRTOS/src/tasks.o
 .text.xTaskGetCurrentTaskHandle
                0x00004eb2       0x26 FreeRTOS/src/tasks.o
                0x00004eb2                xTaskGetCurrentTaskHandle
 .text.xTaskGetSchedulerState
                0x00004ed8       0x32 FreeRTOS/src/tasks.o
                0x00004ed8                xTaskGetSchedulerState
 .text.xTaskPriorityInherit
                0x00004f0a      0x178 FreeRTOS/src/tasks.o
                0x00004f0a                xTaskPriorityInherit
 .text.xTaskPriorityDisinherit
                0x00005082      0x11c FreeRTOS/src/tasks.o
                0x00005082                xTaskPriorityDisinherit
 .text.vTaskPriorityDisinheritAfterTimeout
                0x0000519e      0x160 FreeRTOS/src/tasks.o
                0x0000519e                vTaskPriorityDisinheritAfterTimeout
 .text.uxTaskResetEventItemValue
                0x000052fe       0x8e FreeRTOS/src/tasks.o
                0x000052fe                uxTaskResetEventItemValue
 .text.pvTaskIncrementMutexHeldCount
                0x0000538c       0x34 FreeRTOS/src/tasks.o
                0x0000538c                pvTaskIncrementMutexHeldCount
 .text.xTaskNotifyWait
                0x000053c0      0x166 FreeRTOS/src/tasks.o
                0x000053c0                xTaskNotifyWait
 .text.xTaskGenericNotify
                0x00005526      0x1bc FreeRTOS/src/tasks.o
                0x00005526                xTaskGenericNotify
 .text.xTaskGenericNotifyFromISR
                0x000056e2      0x1f0 FreeRTOS/src/tasks.o
                0x000056e2                xTaskGenericNotifyFromISR
 .text.xTaskNotifyStateClear
                0x000058d2       0x64 FreeRTOS/src/tasks.o
                0x000058d2                xTaskNotifyStateClear
 .text.prvAddCurrentTaskToDelayedList
                0x00005936      0x14e FreeRTOS/src/tasks.o
 .text.xTimerCreateTimerTask
                0x00005a84       0x54 FreeRTOS/src/timers.o
                0x00005a84                xTimerCreateTimerTask
 .text.xTimerGenericCommand
                0x00005ad8       0xf0 FreeRTOS/src/timers.o
                0x00005ad8                xTimerGenericCommand
 .text.prvProcessExpiredTimer
                0x00005bc8      0x116 FreeRTOS/src/timers.o
 .text.prvProcessTimerOrBlockTask
                0x00005cde       0xfe FreeRTOS/src/timers.o
 .text.prvGetNextExpireTime
                0x00005ddc       0x82 FreeRTOS/src/timers.o
 .text.prvSampleTimeNow
                0x00005e5e       0x8e FreeRTOS/src/timers.o
 .text.prvInsertTimerInActiveList
                0x00005eec      0x13e FreeRTOS/src/timers.o
 .text.prvProcessReceivedCommands
                0x0000602a      0x244 FreeRTOS/src/timers.o
 .text.prvSwitchTimerLists
                0x0000626e      0x186 FreeRTOS/src/timers.o
 .text.prvCheckForValidListAndQueue
                0x000063f4       0x60 FreeRTOS/src/timers.o
 .text.vApplicationIdleHook
                0x00006454       0x10 FreeRTOS/src/variantHooks.o
                0x00006454                vApplicationIdleHook
 .text.vApplicationMallocFailedHook
                0x00006464      0x124 FreeRTOS/src/variantHooks.o
                0x00006464                vApplicationMallocFailedHook
 .text.vApplicationStackOverflowHook
                0x00006588      0x12c FreeRTOS/src/variantHooks.o
                0x00006588                vApplicationStackOverflowHook
 .text.avr-libc.fplib
                0x000066b4        0x8 c:/program files (x86)/atmel/studio/7.0/toolchain/avr8/avr8-gnu-toolchain/bin/../lib/gcc/avr/5.4.0/../../../../avr/lib/avr6\libm.a(cmpsf2.o)
                0x000066b4                __nesf2
                0x000066b4                __eqsf2
                0x000066b4                __cmpsf2
                0x000066b4                __ltsf2
                0x000066b4                __lesf2
 .text.avr-libc.fplib
                0x000066bc       0x58 c:/program files (x86)/atmel/studio/7.0/toolchain/avr8/avr8-gnu-toolchain/bin/../lib/gcc/avr/5.4.0/../../../../avr/lib/avr6\libm.a(fixunssfsi.o)
                0x000066bc                __fixunssfsi
 .text.avr-libc.fplib
                0x00006714       0x48 c:/program files (x86)/atmel/studio/7.0/toolchain/avr8/avr8-gnu-toolchain/bin/../lib/gcc/avr/5.4.0/../../../../avr/lib/avr6\libm.a(fp_cmp.o)
                0x00006714                __fp_cmp
 .text.avr-libc.fplib
                0x0000675c       0x44 c:/program files (x86)/atmel/studio/7.0/toolchain/avr8/avr8-gnu-toolchain/bin/../lib/gcc/avr/5.4.0/../../../../avr/lib/avr6\libm.a(fp_split3.o)
                0x0000675c                __fp_split3
                0x0000676c                __fp_splitA
 .text.avr-libc.fplib
                0x000067a0        0xe c:/program files (x86)/atmel/studio/7.0/toolchain/avr8/avr8-gnu-toolchain/bin/../lib/gcc/avr/5.4.0/../../../../avr/lib/avr6\libm.a(fp_zero.o)
                0x000067a0                __fp_zero
                0x000067a2                __fp_szero
 .text.avr-libc.fplib
                0x000067ae        0x8 c:/program files (x86)/atmel/studio/7.0/toolchain/avr8/avr8-gnu-toolchain/bin/../lib/gcc/avr/5.4.0/../../../../avr/lib/avr6\libm.a(gesf2.o)
                0x000067ae                __gesf2
                0x000067ae                __gtsf2
 .text.avr-libc.fplib
                0x000067b6        0x4 c:/program files (x86)/atmel/studio/7.0/toolchain/avr8/avr8-gnu-toolchain/bin/../lib/gcc/avr/5.4.0/../../../../avr/lib/avr6\libm.a(mulsf3.o)
                0x000067b6                __mulsf3
 .text.avr-libc.fplib
                0x000067ba       0xc2 c:/program files (x86)/atmel/studio/7.0/toolchain/avr8/avr8-gnu-toolchain/bin/../lib/gcc/avr/5.4.0/../../../../avr/lib/avr6\libm.a(mulsf3x.o)
                0x000067ce                __mulsf3x
                0x000067d2                __mulsf3_pse
 .text.avr-libc.fplib
                0x0000687c        0xc c:/program files (x86)/atmel/studio/7.0/toolchain/avr8/avr8-gnu-toolchain/bin/../lib/gcc/avr/5.4.0/../../../../avr/lib/avr6\libm.a(fp_inf.o)
                0x0000687c                __fp_inf
 .text.avr-libc.fplib
                0x00006888        0x6 c:/program files (x86)/atmel/studio/7.0/toolchain/avr8/avr8-gnu-toolchain/bin/../lib/gcc/avr/5.4.0/../../../../avr/lib/avr6\libm.a(fp_nan.o)
                0x00006888                __fp_nan
 .text.avr-libc.fplib
                0x0000688e        0xe c:/program files (x86)/atmel/studio/7.0/toolchain/avr8/avr8-gnu-toolchain/bin/../lib/gcc/avr/5.4.0/../../../../avr/lib/avr6\libm.a(fp_pscA.o)
                0x0000688e                __fp_pscA
 .text.avr-libc.fplib
                0x0000689c        0xe c:/program files (x86)/atmel/studio/7.0/toolchain/avr8/avr8-gnu-toolchain/bin/../lib/gcc/avr/5.4.0/../../../../avr/lib/avr6\libm.a(fp_pscB.o)
                0x0000689c                __fp_pscB
 .text.avr-libc.fplib
                0x000068aa       0x22 c:/program files (x86)/atmel/studio/7.0/toolchain/avr8/avr8-gnu-toolchain/bin/../lib/gcc/avr/5.4.0/../../../../avr/lib/avr6\libm.a(fp_round.o)
                0x000068aa                __fp_round
 .text.hal_create
                0x000068cc       0x64 ../drivers\libIotLibrary.a(hal.o)
                0x000068cc                hal_create
 .text._hihTwiCallback
                0x00006930       0x5a ../drivers\libIotLibrary.a(hih8120.o)
 .text.hih8120Create
                0x0000698a       0x30 ../drivers\libIotLibrary.a(hih8120.o)
                0x0000698a                hih8120Create
 .text.hih8120Wakeup
                0x000069ba       0x2a ../drivers\libIotLibrary.a(hih8120.o)
                0x000069ba                hih8120Wakeup
 .text.hih8120Meassure
                0x000069e4       0x22 ../drivers\libIotLibrary.a(hih8120.o)
                0x000069e4                hih8120Meassure
 .text.hih8120GetHumidity
                0x00006a06       0x28 ../drivers\libIotLibrary.a(hih8120.o)
                0x00006a06                hih8120GetHumidity
 .text.hih8120GetTemperature
                0x00006a2e       0x34 ../drivers\libIotLibrary.a(hih8120.o)
                0x00006a2e                hih8120GetTemperature
 .text._turn_off
                0x00006a62       0x5c ../drivers\libIotLibrary.a(led.o)
 .text._turn_on
                0x00006abe       0x5c ../drivers\libIotLibrary.a(led.o)
 .text._hal_led_task
                0x00006b1a       0x84 ../drivers\libIotLibrary.a(led.o)
 .text.led_create
                0x00006b9e      0x10a ../drivers\libIotLibrary.a(led.o)
                0x00006b9e                led_create
 .text.led_slow_blink
                0x00006ca8       0x4e ../drivers\libIotLibrary.a(led.o)
                0x00006ca8                led_slow_blink
 .text.led_fast_blink
                0x00006cf6       0x4e ../drivers\libIotLibrary.a(led.o)
                0x00006cf6                led_fast_blink
 .text.led_led_on
                0x00006d44       0x1e ../drivers\libIotLibrary.a(led.o)
                0x00006d44                led_led_on
 .text.led_led_off
                0x00006d62       0x1e ../drivers\libIotLibrary.a(led.o)
                0x00006d62                led_led_off
 .text.led_long_puls
                0x00006d80       0x24 ../drivers\libIotLibrary.a(led.o)
                0x00006d80                led_long_puls
 .text.led_short_puls
                0x00006da4       0x24 ../drivers\libIotLibrary.a(led.o)
                0x00006da4                led_short_puls
 .text._serial_call_back
                0x00006dc8       0x8c ../drivers\libIotLibrary.a(lora_driver.o)
 .text._upload_message
                0x00006e54       0xb4 ../drivers\libIotLibrary.a(lora_driver.o)
 .text._reply2return_code
                0x00006f08       0xea ../drivers\libIotLibrary.a(lora_driver.o)
 .text._upload_message_rc
                0x00006ff2        0x6 ../drivers\libIotLibrary.a(lora_driver.o)
 .text.lora_driver_flush_buffers
                0x00006ff8        0xe ../drivers\libIotLibrary.a(lora_driver.o)
                0x00006ff8                lora_driver_flush_buffers
 .text.lora_driver_create
                0x00007006       0x86 ../drivers\libIotLibrary.a(lora_driver.o)
                0x00007006                lora_driver_create
 .text.lora_driver_reset_rn2483
                0x0000708c       0x28 ../drivers\libIotLibrary.a(lora_driver.o)
                0x0000708c                lora_driver_reset_rn2483
 .text.lora_driver_rn2483_factory_reset
                0x000070b4       0x24 ../drivers\libIotLibrary.a(lora_driver.o)
                0x000070b4                lora_driver_rn2483_factory_reset
 .text.lora_driver_get_rn2483_hweui
                0x000070d8       0x38 ../drivers\libIotLibrary.a(lora_driver.o)
                0x000070d8                lora_driver_get_rn2483_hweui
 .text.lora_driver_set_device_identifier
                0x00007110       0x22 ../drivers\libIotLibrary.a(lora_driver.o)
                0x00007110                lora_driver_set_device_identifier
 .text.lora_driver_set_application_identifier
                0x00007132       0x22 ../drivers\libIotLibrary.a(lora_driver.o)
                0x00007132                lora_driver_set_application_identifier
 .text.lora_driver_set_application_key
                0x00007154       0x22 ../drivers\libIotLibrary.a(lora_driver.o)
                0x00007154                lora_driver_set_application_key
 .text.lora_driver_save_mac
                0x00007176        0xc ../drivers\libIotLibrary.a(lora_driver.o)
                0x00007176                lora_driver_save_mac
 .text.lora_driver_join
                0x00007182       0x52 ../drivers\libIotLibrary.a(lora_driver.o)
                0x00007182                lora_driver_join
 .text.lora_driver_sent_upload_message
                0x000071d4      0x196 ../drivers\libIotLibrary.a(lora_driver.o)
                0x000071d4                lora_driver_sent_upload_message
 .text.lora_driver_set_adaptive_data_rate
                0x0000736a       0x16 ../drivers\libIotLibrary.a(lora_driver.o)
                0x0000736a                lora_driver_set_adaptive_data_rate
 .text.lora_driver_set_receive_delay
                0x00007380       0x30 ../drivers\libIotLibrary.a(lora_driver.o)
                0x00007380                lora_driver_set_receive_delay
 .text.lora_driver_configure_to_eu868
                0x000073b0      0x1bc ../drivers\libIotLibrary.a(lora_driver.o)
                0x000073b0                lora_driver_configure_to_eu868
 .text.lora_driver_set_otaa_identity
                0x0000756c       0x42 ../drivers\libIotLibrary.a(lora_driver.o)
                0x0000756c                lora_driver_set_otaa_identity
 .text.lora_driver_map_return_code_to_text
                0x000075ae       0x18 ../drivers\libIotLibrary.a(lora_driver.o)
                0x000075ae                lora_driver_map_return_code_to_text
 .text.decode_port_no
                0x000075c6       0x58 ../drivers\libIotLibrary.a(lora_driver_utils.o)
                0x000075c6                decode_port_no
 .text.decode_hexadecimal_string_bytes
                0x0000761e       0x92 ../drivers\libIotLibrary.a(lora_driver_utils.o)
                0x0000761e                decode_hexadecimal_string_bytes
 .text.reg_read_register
                0x000076b0        0x6 ../drivers\libIotLibrary.a(mega_register_access.o)
                0x000076b0                reg_read_register
 .text.reg_read_bit
                0x000076b6       0x16 ../drivers\libIotLibrary.a(mega_register_access.o)
                0x000076b6                reg_read_bit
 .text.reg_read_bits
                0x000076cc        0x8 ../drivers\libIotLibrary.a(mega_register_access.o)
                0x000076cc                reg_read_bits
 .text.reg_set_register
                0x000076d4        0x6 ../drivers\libIotLibrary.a(mega_register_access.o)
                0x000076d4                reg_set_register
 .text.reg_clear_register
                0x000076da        0x6 ../drivers\libIotLibrary.a(mega_register_access.o)
                0x000076da                reg_clear_register
 .text.reg_set_bit
                0x000076e0       0x18 ../drivers\libIotLibrary.a(mega_register_access.o)
                0x000076e0                reg_set_bit
 .text.reg_set_bits
                0x000076f8        0xa ../drivers\libIotLibrary.a(mega_register_access.o)
                0x000076f8                reg_set_bits
 .text.reg_toggle_bit
                0x00007702       0x18 ../drivers\libIotLibrary.a(mega_register_access.o)
                0x00007702                reg_toggle_bit
 .text.reg_toggle_bits
                0x0000771a        0xa ../drivers\libIotLibrary.a(mega_register_access.o)
                0x0000771a                reg_toggle_bits
 .text.reg_clear_bit
                0x00007724       0x1a ../drivers\libIotLibrary.a(mega_register_access.o)
                0x00007724                reg_clear_bit
 .text.reg_clear_bits
                0x0000773e        0xc ../drivers\libIotLibrary.a(mega_register_access.o)
                0x0000773e                reg_clear_bits
 .text._serial_call_back
                0x0000774a       0xb6 ../drivers\libIotLibrary.a(mh_z19.o)
 .text.mh_z19_create
                0x00007800       0x5c ../drivers\libIotLibrary.a(mh_z19.o)
                0x00007800                mh_z19_create
 .text.mh_z19_take_meassuring
                0x0000785c       0x5e ../drivers\libIotLibrary.a(mh_z19.o)
                0x0000785c                mh_z19_take_meassuring
 .text.serial_new_instance
                0x000078ba      0x140 ../drivers\libIotLibrary.a(serial.o)
                0x000078ba                serial_new_instance
 .text.serial_send_byte
                0x000079fa       0x4a ../drivers\libIotLibrary.a(serial.o)
                0x000079fa                serial_send_byte
 .text.serial_send_bytes
                0x00007a44       0xa0 ../drivers\libIotLibrary.a(serial.o)
                0x00007a44                serial_send_bytes
 .text.serial_get_byte
                0x00007ae4       0x38 ../drivers\libIotLibrary.a(serial.o)
                0x00007ae4                serial_get_byte
 .text.__vector_25
                0x00007b1c       0xa4 ../drivers\libIotLibrary.a(serial.o)
                0x00007b1c                __vector_25
 .text.__vector_26
                0x00007bc0       0x88 ../drivers\libIotLibrary.a(serial.o)
                0x00007bc0                __vector_26
 .text.__vector_36
                0x00007c48       0xa4 ../drivers\libIotLibrary.a(serial.o)
                0x00007c48                __vector_36
 .text.__vector_37
                0x00007cec       0x88 ../drivers\libIotLibrary.a(serial.o)
                0x00007cec                __vector_37
 .text.__vector_51
                0x00007d74       0xa4 ../drivers\libIotLibrary.a(serial.o)
                0x00007d74                __vector_51
 .text.__vector_52
                0x00007e18       0x88 ../drivers\libIotLibrary.a(serial.o)
                0x00007e18                __vector_52
 .text.__vector_54
                0x00007ea0       0xa4 ../drivers\libIotLibrary.a(serial.o)
                0x00007ea0                __vector_54
 .text.__vector_55
                0x00007f44       0x88 ../drivers\libIotLibrary.a(serial.o)
                0x00007f44                __vector_55
 .text.usart_getchar
                0x00007fcc       0x2a ../drivers\libIotLibrary.a(stdio_driver.o)
 .text.usart_putchar
                0x00007ff6       0x12 ../drivers\libIotLibrary.a(stdio_driver.o)
 .text.stdioCreate
                0x00008008       0x52 ../drivers\libIotLibrary.a(stdio_driver.o)
                0x00008008                stdioCreate
 .text._callBack
                0x0000805a       0x10 ../drivers\libIotLibrary.a(tsl2591.o)
 .text._tsl2591TwiCallback
                0x0000806a       0x88 ../drivers\libIotLibrary.a(tsl2591.o)
 .text._twiTransmit
                0x000080f2       0x26 ../drivers\libIotLibrary.a(tsl2591.o)
 .text.tsl2591Create
                0x00008118       0x36 ../drivers\libIotLibrary.a(tsl2591.o)
                0x00008118                tsl2591Create
 .text.tsl2591Enable
                0x0000814e       0x2a ../drivers\libIotLibrary.a(tsl2591.o)
                0x0000814e                tsl2591Enable
 .text.tsl2591FetchData
                0x00008178       0x24 ../drivers\libIotLibrary.a(tsl2591.o)
                0x00008178                tsl2591FetchData
 .text.tsl2591GetLux
                0x0000819c      0x1bc ../drivers\libIotLibrary.a(tsl2591.o)
                0x0000819c                tsl2591GetLux
 .text._initTwiInterface
                0x00008358       0x22 ../drivers\libIotLibrary.a(twi.o)
 .text.twiCreate
                0x0000837a       0x9a ../drivers\libIotLibrary.a(twi.o)
                0x0000837a                twiCreate
 .text.twiIsBusy
                0x00008414        0x8 ../drivers\libIotLibrary.a(twi.o)
                0x00008414                twiIsBusy
 .text.twiTransmit
                0x0000841c       0x98 ../drivers\libIotLibrary.a(twi.o)
                0x0000841c                twiTransmit
 .text.twiReceive
                0x000084b4       0x66 ../drivers\libIotLibrary.a(twi.o)
                0x000084b4                twiReceive
 .text.__vector_39
                0x0000851a      0x17a ../drivers\libIotLibrary.a(twi.o)
                0x0000851a                __vector_39
 .text.fifo_init
                0x00008694       0x38 ../drivers\libIotLibrary.a(fifo.o)
                0x00008694                fifo_init
 .text.avr-libc
                0x000086cc      0x712 c:/program files (x86)/atmel/studio/7.0/toolchain/avr8/avr8-gnu-toolchain/bin/../lib/gcc/avr/5.4.0/../../../../avr/lib/avr6\libprintf_flt.a(vfprintf_flt.o)
                0x000086cc                vfprintf
 .text.avr-libc.fplib
                0x00008dde        0xc c:/program files (x86)/atmel/studio/7.0/toolchain/avr8/avr8-gnu-toolchain/bin/../lib/gcc/avr/5.4.0/../../../../avr/lib/avr6\libm.a(addsf3.o)
                0x00008dde                __subsf3
                0x00008de0                __addsf3
 .text.avr-libc.fplib
                0x00008dea       0xcc c:/program files (x86)/atmel/studio/7.0/toolchain/avr8/avr8-gnu-toolchain/bin/../lib/gcc/avr/5.4.0/../../../../avr/lib/avr6\libm.a(addsf3x.o)
                0x00008e0c                __addsf3x
 .text.avr-libc.fplib
                0x00008eb6        0x6 c:/program files (x86)/atmel/studio/7.0/toolchain/avr8/avr8-gnu-toolchain/bin/../lib/gcc/avr/5.4.0/../../../../avr/lib/avr6\libm.a(divsf3.o)
                0x00008eb6                __divsf3
 .text.avr-libc.fplib
                0x00008ebc       0xdc c:/program files (x86)/atmel/studio/7.0/toolchain/avr8/avr8-gnu-toolchain/bin/../lib/gcc/avr/5.4.0/../../../../avr/lib/avr6\libm.a(divsf3x.o)
                0x00008edc                __divsf3x
                0x00008ee2                __divsf3_pse
 .text.avr-libc.fplib
                0x00008f98       0x7a c:/program files (x86)/atmel/studio/7.0/toolchain/avr8/avr8-gnu-toolchain/bin/../lib/gcc/avr/5.4.0/../../../../avr/lib/avr6\libm.a(floatsisf.o)
                0x00008f98                __floatunsisf
                0x00008f9c                __floatsisf
 .text.libgcc.div
                0x00009012       0x44 c:/program files (x86)/atmel/studio/7.0/toolchain/avr8/avr8-gnu-toolchain/bin/../lib/gcc/avr/5.4.0/avr6\libgcc.a(_udivmodsi4.o)
                0x00009012                __udivmodsi4
 .text.libgcc   0x00009056       0x10 c:/program files (x86)/atmel/studio/7.0/toolchain/avr8/avr8-gnu-toolchain/bin/../lib/gcc/avr/5.4.0/avr6\libgcc.a(_tablejump2.o)
                0x00009056                __tablejump2__
 .text.avr-libc
                0x00009066       0x34 c:/program files (x86)/atmel/studio/7.0/toolchain/avr8/avr8-gnu-toolchain/bin/../lib/gcc/avr/5.4.0/../../../../avr/lib/avr6\libc.a(calloc.o)
                0x00009066                calloc
 .text.avr-libc
                0x0000909a      0x242 c:/program files (x86)/atmel/studio/7.0/toolchain/avr8/avr8-gnu-toolchain/bin/../lib/gcc/avr/5.4.0/../../../../avr/lib/avr6\libc.a(malloc.o)
                0x0000909a                malloc
                0x000091ca                free
 .text.avr-libc
                0x000092dc        0x8 c:/program files (x86)/atmel/studio/7.0/toolchain/avr8/avr8-gnu-toolchain/bin/../lib/gcc/avr/5.4.0/../../../../avr/lib/avr6\libc.a(abort.o)
                0x000092dc                abort
 .text.avr-libc
                0x000092e4      0x1b0 c:/program files (x86)/atmel/studio/7.0/toolchain/avr8/avr8-gnu-toolchain/bin/../lib/gcc/avr/5.4.0/../../../../avr/lib/avr6\libc.a(ftoa_engine.o)
                0x000092e4                __ftoa_engine
 .text.avr-libc
                0x00009494       0x16 c:/program files (x86)/atmel/studio/7.0/toolchain/avr8/avr8-gnu-toolchain/bin/../lib/gcc/avr/5.4.0/../../../../avr/lib/avr6\libc.a(strnlen_P.o)
                0x00009494                strnlen_P
 .text.avr-libc
                0x000094aa       0x12 c:/program files (x86)/atmel/studio/7.0/toolchain/avr8/avr8-gnu-toolchain/bin/../lib/gcc/avr/5.4.0/../../../../avr/lib/avr6\libc.a(memcpy.o)
                0x000094aa                memcpy
 .text.avr-libc
                0x000094bc        0xe c:/program files (x86)/atmel/studio/7.0/toolchain/avr8/avr8-gnu-toolchain/bin/../lib/gcc/avr/5.4.0/../../../../avr/lib/avr6\libc.a(memset.o)
                0x000094bc                memset
 .text.avr-libc
                0x000094ca       0x4a c:/program files (x86)/atmel/studio/7.0/toolchain/avr8/avr8-gnu-toolchain/bin/../lib/gcc/avr/5.4.0/../../../../avr/lib/avr6\libc.a(strcasestr.o)
                0x000094ca                strcasestr
 .text.avr-libc
                0x00009514       0x16 c:/program files (x86)/atmel/studio/7.0/toolchain/avr8/avr8-gnu-toolchain/bin/../lib/gcc/avr/5.4.0/../../../../avr/lib/avr6\libc.a(strcat.o)
                0x00009514                strcat
 .text.avr-libc
                0x0000952a        0xe c:/program files (x86)/atmel/studio/7.0/toolchain/avr8/avr8-gnu-toolchain/bin/../lib/gcc/avr/5.4.0/../../../../avr/lib/avr6\libc.a(strcpy.o)
                0x0000952a                strcpy
 .text.avr-libc
                0x00009538       0x30 c:/program files (x86)/atmel/studio/7.0/toolchain/avr8/avr8-gnu-toolchain/bin/../lib/gcc/avr/5.4.0/../../../../avr/lib/avr6\libc.a(strncasecmp.o)
                0x00009538                strncasecmp
 .text.avr-libc
                0x00009568       0x16 c:/program files (x86)/atmel/studio/7.0/toolchain/avr8/avr8-gnu-toolchain/bin/../lib/gcc/avr/5.4.0/../../../../avr/lib/avr6\libc.a(strnlen.o)
                0x00009568                strnlen
 .text.avr-libc
                0x0000957e       0x78 c:/program files (x86)/atmel/studio/7.0/toolchain/avr8/avr8-gnu-toolchain/bin/../lib/gcc/avr/5.4.0/../../../../avr/lib/avr6\libc.a(fputc.o)
                0x0000957e                fputc
 .text.avr-libc
                0x000095f6       0x26 c:/program files (x86)/atmel/studio/7.0/toolchain/avr8/avr8-gnu-toolchain/bin/../lib/gcc/avr/5.4.0/../../../../avr/lib/avr6\libc.a(printf.o)
                0x000095f6                printf
 .text.avr-libc
                0x0000961c       0x60 c:/program files (x86)/atmel/studio/7.0/toolchain/avr8/avr8-gnu-toolchain/bin/../lib/gcc/avr/5.4.0/../../../../avr/lib/avr6\libc.a(puts.o)
                0x0000961c                puts
 .text.avr-libc
                0x0000967c       0x5c c:/program files (x86)/atmel/studio/7.0/toolchain/avr8/avr8-gnu-toolchain/bin/../lib/gcc/avr/5.4.0/../../../../avr/lib/avr6\libc.a(sprintf.o)
                0x0000967c                sprintf
 .text.avr-libc
                0x000096d8       0xbc c:/program files (x86)/atmel/studio/7.0/toolchain/avr8/avr8-gnu-toolchain/bin/../lib/gcc/avr/5.4.0/../../../../avr/lib/avr6\libc.a(ultoa_invert.o)
                0x000096d8                __ultoa_invert
                0x00009794                . = ALIGN (0x2)
 *(.fini9)
 .fini9         0x00009794        0x0 c:/program files (x86)/atmel/studio/7.0/toolchain/avr8/avr8-gnu-toolchain/bin/../lib/gcc/avr/5.4.0/avr6\libgcc.a(_exit.o)
                0x00009794                _exit
                0x00009794                exit
 *(.fini9)
 *(.fini8)
 *(.fini8)
 *(.fini7)
 *(.fini7)
 *(.fini6)
 *(.fini6)
 *(.fini5)
 *(.fini5)
 *(.fini4)
 *(.fini4)
 *(.fini3)
 *(.fini3)
 *(.fini2)
 *(.fini2)
 *(.fini1)
 *(.fini1)
 *(.fini0)
 .fini0         0x00009794        0x4 c:/program files (x86)/atmel/studio/7.0/toolchain/avr8/avr8-gnu-toolchain/bin/../lib/gcc/avr/5.4.0/avr6\libgcc.a(_exit.o)
 *(.fini0)
                0x00009798                _etext = .

.data           0x00800200      0x504 load address 0x00009798
                0x00800200                PROVIDE (__data_start, .)
 *(.data)
 .data          0x00800200        0x6 c:/program files (x86)/atmel/studio/7.0/toolchain/avr8/avr8-gnu-toolchain/bin/../lib/gcc/avr/5.4.0/../../../../avr/lib/avr6\libc.a(malloc.o)
                0x00800200                __malloc_heap_end
                0x00800202                __malloc_heap_start
                0x00800204                __malloc_margin
 *(.data*)
 .data._temp    0x00800206        0x2 ../drivers\libIotLibrary.a(hih8120.o)
 .data._hum     0x00800208        0x2 ../drivers\libIotLibrary.a(hih8120.o)
 .data._com_port_2_udr
                0x0080020a        0x8 ../drivers\libIotLibrary.a(serial.o)
                0x0080020a                _com_port_2_udr
 .data.mystdout.1881
                0x00800212        0xe ../drivers\libIotLibrary.a(stdio_driver.o)
 .data._twiCurrentState
                0x00800220        0x1 ../drivers\libIotLibrary.a(twi.o)
 *(.gnu.linkonce.d*)
 *(.rodata)
 .rodata        0x00800221       0x12 src/main.o
 .rodata        0x00800233        0x4 src/tasks/co2_sensor_task.o
 .rodata        0x00800237        0x6 src/tasks/light_sensor_task.o
 .rodata        0x0080023d      0x14a src/tasks/lora_sensor_task.o
 .rodata        0x00800387       0x46 src/tasks/sensor_control_task.o
 .rodata        0x008003cd        0x8 src/tasks/temperature_humidity_task.o
 .rodata        0x008003d5        0x5 FreeRTOS/src/tasks.o
 .rodata        0x008003da        0x8 FreeRTOS/src/timers.o
 .rodata        0x008003e2       0x20 ../drivers\libIotLibrary.a(lora_driver.o)
 .rodata        0x00800402       0x2d ../drivers\libIotLibrary.a(mh_z19.o)
 *(.rodata*)
 .rodata.str1.1
                0x0080042f        0x8 ../drivers\libIotLibrary.a(led.o)
 .rodata.str1.1
                0x00800437      0x295 ../drivers\libIotLibrary.a(lora_driver.o)
                                0x2a5 (size before relaxing)
 .rodata._join_mode
                0x008006cc        0x4 ../drivers\libIotLibrary.a(lora_driver.o)
 .rodata._return_code
                0x008006d0       0x33 ../drivers\libIotLibrary.a(lora_driver.o)
                0x008006d0                _return_code
 *(.gnu.linkonce.r*)
                0x00800704                . = ALIGN (0x2)
 *fill*         0x00800703        0x1 
                0x00800704                _edata = .
                0x00800704                PROVIDE (__data_end, .)

.bss            0x00800704     0x1292
                0x00800704                PROVIDE (__bss_start, .)
 *(.bss)
 *(.bss*)
 .bss._co2_ppm  0x00800704        0x2 src/handler/sensor_data_package_handler.o
 .bss._light    0x00800706        0x4 src/handler/sensor_data_package_handler.o
 .bss._humidity
                0x0080070a        0x4 src/handler/sensor_data_package_handler.o
 .bss._temperature
                0x0080070e        0x4 src/handler/sensor_data_package_handler.o
 .bss._xPrintfSemaphore
                0x00800712        0x2 src/tasks/co2_sensor_task.o
 .bss._eventGroupHandleMeasure
                0x00800714        0x2 src/tasks/co2_sensor_task.o
 .bss._eventGroupHandleNewData
                0x00800716        0x2 src/tasks/co2_sensor_task.o
 .bss._CO2SensorTaskHandle
                0x00800718        0x2 src/tasks/co2_sensor_task.o
 .bss._lastCo2Measurement
                0x0080071a        0x2 src/tasks/co2_sensor_task.o
 .bss._rc       0x0080071c        0x1 src/tasks/co2_sensor_task.o
 .bss._xPrintfSemaphore
                0x0080071d        0x2 src/tasks/light_sensor_task.o
 .bss._eventGroupHandleMeasure
                0x0080071f        0x2 src/tasks/light_sensor_task.o
 .bss._eventGroupHandleNewData
                0x00800721        0x2 src/tasks/light_sensor_task.o
 .bss._lightSensorTaskHandle
                0x00800723        0x2 src/tasks/light_sensor_task.o
 .bss._lastMeasurementLux
                0x00800725        0x4 src/tasks/light_sensor_task.o
 .bss._receivingQueue
                0x00800729        0x2 src/tasks/lora_sensor_task.o
 .bss._xPrintfSemaphore
                0x0080072b        0x2 src/tasks/lora_sensor_task.o
 .bss._lora_task_handle
                0x0080072d        0x2 src/tasks/lora_sensor_task.o
 .bss._out_buf  0x0080072f       0x64 src/tasks/lora_sensor_task.o
 .bss._lorapayload.2596
                0x00800793       0x16 src/tasks/lora_sensor_task.o
 .bss._sensor_control_task_handle
                0x008007a9        0x2 src/tasks/sensor_control_task.o
 .bss._xPrintfSemaphore
                0x008007ab        0x2 src/tasks/sensor_control_task.o
 .bss._event_group_measure
                0x008007ad        0x2 src/tasks/sensor_control_task.o
 .bss._event_group_new_data
                0x008007af        0x2 src/tasks/sensor_control_task.o
 .bss._sendingQueue
                0x008007b1        0x2 src/tasks/sensor_control_task.o
 .bss._xPrintfSemaphore
                0x008007b3        0x2 src/tasks/temperature_humidity_task.o
 .bss._eventGroupHandleMeasure
                0x008007b5        0x2 src/tasks/temperature_humidity_task.o
 .bss._eventGroupHandleNewData
                0x008007b7        0x2 src/tasks/temperature_humidity_task.o
 .bss._temperatureHumiditySensorTaskHandle
                0x008007b9        0x2 src/tasks/temperature_humidity_task.o
 .bss._lastMeasurementTemperature
                0x008007bb        0x4 src/tasks/temperature_humidity_task.o
 .bss._lastMeasurementHumidity
                0x008007bf        0x4 src/tasks/temperature_humidity_task.o
 .bss.result    0x008007c3        0x1 src/tasks/temperature_humidity_task.o
 .bss.ucHeap    0x008007c4      0xfa0 FreeRTOS/src/heap_4.o
 .bss.xStart    0x00801764        0x4 FreeRTOS/src/heap_4.o
 .bss.pxEnd     0x00801768        0x2 FreeRTOS/src/heap_4.o
 .bss.xFreeBytesRemaining
                0x0080176a        0x2 FreeRTOS/src/heap_4.o
 .bss.xMinimumEverFreeBytesRemaining
                0x0080176c        0x2 FreeRTOS/src/heap_4.o
 .bss.xBlockAllocatedBit
                0x0080176e        0x2 FreeRTOS/src/heap_4.o
 .bss.pxCurrentTCB
                0x00801770        0x2 FreeRTOS/src/tasks.o
                0x00801770                pxCurrentTCB
 .bss.pxReadyTasksLists
                0x00801772       0x2c FreeRTOS/src/tasks.o
 .bss.xDelayedTaskList1
                0x0080179e        0xb FreeRTOS/src/tasks.o
 .bss.xDelayedTaskList2
                0x008017a9        0xb FreeRTOS/src/tasks.o
 .bss.pxDelayedTaskList
                0x008017b4        0x2 FreeRTOS/src/tasks.o
 .bss.pxOverflowDelayedTaskList
                0x008017b6        0x2 FreeRTOS/src/tasks.o
 .bss.xPendingReadyList
                0x008017b8        0xb FreeRTOS/src/tasks.o
 .bss.xTasksWaitingTermination
                0x008017c3        0xb FreeRTOS/src/tasks.o
 .bss.uxDeletedTasksWaitingCleanUp
                0x008017ce        0x1 FreeRTOS/src/tasks.o
 .bss.xSuspendedTaskList
                0x008017cf        0xb FreeRTOS/src/tasks.o
 .bss.uxCurrentNumberOfTasks
                0x008017da        0x1 FreeRTOS/src/tasks.o
 .bss.xTickCount
                0x008017db        0x4 FreeRTOS/src/tasks.o
 .bss.uxTopReadyPriority
                0x008017df        0x1 FreeRTOS/src/tasks.o
 .bss.xSchedulerRunning
                0x008017e0        0x1 FreeRTOS/src/tasks.o
 .bss.uxPendedTicks
                0x008017e1        0x1 FreeRTOS/src/tasks.o
 .bss.xYieldPending
                0x008017e2        0x1 FreeRTOS/src/tasks.o
 .bss.xNumOfOverflows
                0x008017e3        0x1 FreeRTOS/src/tasks.o
 .bss.uxTaskNumber
                0x008017e4        0x1 FreeRTOS/src/tasks.o
 .bss.xNextTaskUnblockTime
                0x008017e5        0x4 FreeRTOS/src/tasks.o
 .bss.xIdleTaskHandle
                0x008017e9        0x2 FreeRTOS/src/tasks.o
 .bss.uxSchedulerSuspended
                0x008017eb        0x1 FreeRTOS/src/tasks.o
 .bss.xActiveTimerList1
                0x008017ec        0xb FreeRTOS/src/timers.o
 .bss.xActiveTimerList2
                0x008017f7        0xb FreeRTOS/src/timers.o
 .bss.pxCurrentTimerList
                0x00801802        0x2 FreeRTOS/src/timers.o
 .bss.pxOverflowTimerList
                0x00801804        0x2 FreeRTOS/src/timers.o
 .bss.xTimerQueue
                0x00801806        0x2 FreeRTOS/src/timers.o
 .bss.xTimerTaskHandle
                0x00801808        0x2 FreeRTOS/src/timers.o
 .bss.xLastTime.2432
                0x0080180a        0x4 FreeRTOS/src/timers.o
 .bss._measuringIsReady
                0x0080180e        0x1 ../drivers\libIotLibrary.a(hih8120.o)
 .bss._hih8120Handler
                0x0080180f        0x2 ../drivers\libIotLibrary.a(hih8120.o)
 .bss._led_status
                0x00801811       0x18 ../drivers\libIotLibrary.a(led.o)
 .bss._tmp_buf.2940
                0x00801829       0x64 ../drivers\libIotLibrary.a(lora_driver.o)
 .bss.rec_buf_inp.2947
                0x0080188d        0x1 ../drivers\libIotLibrary.a(lora_driver.o)
 .bss._downlinkMessageBuffer
                0x0080188e        0x2 ../drivers\libIotLibrary.a(lora_driver.o)
 .bss._serial_reply_buffer_handle
                0x00801890        0x2 ../drivers\libIotLibrary.a(lora_driver.o)
 .bss._rn2483_serial
                0x00801892        0x2 ../drivers\libIotLibrary.a(lora_driver.o)
 .bss._downlink_payload
                0x00801894       0x16 ../drivers\libIotLibrary.a(lora_driver.o)
 .bss._pay_load_hex_bytes
                0x008018aa       0x15 ../drivers\libIotLibrary.a(lora_driver.o)
 .bss._rec_message_buf
                0x008018bf       0x2d ../drivers\libIotLibrary.a(lora_driver.o)
 .bss._send_message
                0x008018ec       0x2d ../drivers\libIotLibrary.a(lora_driver.o)
 .bss._reply_mess
                0x00801919       0x2d ../drivers\libIotLibrary.a(lora_driver.o)
 .bss.data.1940
                0x00801946        0x2 ../drivers\libIotLibrary.a(mh_z19.o)
 .bss.inDex.1939
                0x00801948        0x1 ../drivers\libIotLibrary.a(mh_z19.o)
 .bss.crc_sum.1941
                0x00801949        0x1 ../drivers\libIotLibrary.a(mh_z19.o)
 .bss._app_call_back
                0x0080194a        0x2 ../drivers\libIotLibrary.a(mh_z19.o)
 .bss._mh_state
                0x0080194c        0x1 ../drivers\libIotLibrary.a(mh_z19.o)
                0x0080194c                _mh_state
 .bss._ppm      0x0080194d        0x2 ../drivers\libIotLibrary.a(mh_z19.o)
 .bss._serial   0x0080194f        0x2 ../drivers\libIotLibrary.a(mh_z19.o)
 .bss._ser_handle
                0x00801951        0x8 ../drivers\libIotLibrary.a(serial.o)
 .bss._com_serial_instance
                0x00801959        0x2 ../drivers\libIotLibrary.a(stdio_driver.o)
 .bss._infraredRaw
                0x0080195b        0x2 ../drivers\libIotLibrary.a(tsl2591.o)
 .bss._fullSpectrumRaw
                0x0080195d        0x2 ../drivers\libIotLibrary.a(tsl2591.o)
 .bss._deviceId
                0x0080195f        0x1 ../drivers\libIotLibrary.a(tsl2591.o)
 .bss._currentIntegrationTime
                0x00801960        0x1 ../drivers\libIotLibrary.a(tsl2591.o)
 .bss._currentGain
                0x00801961        0x1 ../drivers\libIotLibrary.a(tsl2591.o)
 .bss._nextState
                0x00801962        0x1 ../drivers\libIotLibrary.a(tsl2591.o)
 .bss._callBackFunction
                0x00801963        0x2 ../drivers\libIotLibrary.a(tsl2591.o)
 .bss._twiHandler
                0x00801965        0x2 ../drivers\libIotLibrary.a(tsl2591.o)
 .bss._index.1885
                0x00801967        0x1 ../drivers\libIotLibrary.a(twi.o)
 .bss._twiCurrentHandler
                0x00801968        0x2 ../drivers\libIotLibrary.a(twi.o)
 .bss._twiMessageLen
                0x0080196a        0x1 ../drivers\libIotLibrary.a(twi.o)
 .bss._twiMessageBuffer
                0x0080196b        0xa ../drivers\libIotLibrary.a(twi.o)
 .bss._twiIsInitiated
                0x00801975        0x1 ../drivers\libIotLibrary.a(twi.o)
 *(COMMON)
 COMMON         0x00801976       0x16 ../drivers\libIotLibrary.a(hal.o)
                0x00801976                register_access
 COMMON         0x0080198c        0x4 c:/program files (x86)/atmel/studio/7.0/toolchain/avr8/avr8-gnu-toolchain/bin/../lib/gcc/avr/5.4.0/../../../../avr/lib/avr6\libc.a(malloc.o)
                0x0080198c                __brkval
                0x0080198e                __flp
 COMMON         0x00801990        0x6 c:/program files (x86)/atmel/studio/7.0/toolchain/avr8/avr8-gnu-toolchain/bin/../lib/gcc/avr/5.4.0/../../../../avr/lib/avr6\libc.a(iob.o)
                0x00801990                __iob
                0x00801996                PROVIDE (__bss_end, .)
                0x00009798                __data_load_start = LOADADDR (.data)
                0x00009c9c                __data_load_end = (__data_load_start + SIZEOF (.data))

.noinit         0x00801996        0x0
                [!provide]                PROVIDE (__noinit_start, .)
 *(.noinit*)
                [!provide]                PROVIDE (__noinit_end, .)
                0x00801996                _end = .
                0x00801996                PROVIDE (__heap_start, .)

.eeprom         0x00810000        0x0
 *(.eeprom*)
                0x00810000                __eeprom_end = .

.fuse
 *(.fuse)
 *(.lfuse)
 *(.hfuse)
 *(.efuse)

.lock
 *(.lock*)

.signature
 *(.signature*)

.user_signatures
 *(.user_signatures*)

.stab
 *(.stab)

.stabstr
 *(.stabstr)

.stab.excl
 *(.stab.excl)

.stab.exclstr
 *(.stab.exclstr)

.stab.index
 *(.stab.index)

.stab.indexstr
 *(.stab.indexstr)

.comment        0x00000000       0x5c
 *(.comment)
 .comment       0x00000000       0x30 src/handler/sensor_data_package_handler.o
                                 0x31 (size before relaxing)
 .comment       0x00000030       0x31 src/main.o
 .comment       0x00000030       0x31 src/tasks/co2_sensor_task.o
 .comment       0x00000030       0x31 src/tasks/light_sensor_task.o
 .comment       0x00000030       0x31 src/tasks/lora_sensor_task.o
 .comment       0x00000030       0x31 src/tasks/sensor_control_task.o
 .comment       0x00000030       0x31 src/tasks/temperature_humidity_task.o
 .comment       0x00000030       0x31 FreeRTOS/FreeRTOSTraceDriver/FreeRTOSTraceDriver.o
 .comment       0x00000030       0x31 FreeRTOS/src/event_groups.o
 .comment       0x00000030       0x31 FreeRTOS/src/heap_4.o
 .comment       0x00000030       0x31 FreeRTOS/src/list.o
 .comment       0x00000030       0x31 FreeRTOS/src/port.o
 .comment       0x00000030       0x31 FreeRTOS/src/queue.o
 .comment       0x00000030       0x31 FreeRTOS/src/stream_buffer.o
 .comment       0x00000030       0x31 FreeRTOS/src/tasks.o
 .comment       0x00000030       0x31 FreeRTOS/src/timers.o
 .comment       0x00000030       0x31 FreeRTOS/src/variantHooks.o
 .comment       0x00000030       0x31 ../drivers\libIotLibrary.a(hal.o)
 .comment       0x00000030       0x31 ../drivers\libIotLibrary.a(hih8120.o)
 .comment       0x00000030       0x31 ../drivers\libIotLibrary.a(led.o)
 .comment       0x00000030       0x31 ../drivers\libIotLibrary.a(lora_driver.o)
 .comment       0x00000030       0x31 ../drivers\libIotLibrary.a(lora_driver_utils.o)
 .comment       0x00000030       0x31 ../drivers\libIotLibrary.a(mega_register_access.o)
 .comment       0x00000030       0x31 ../drivers\libIotLibrary.a(mh_z19.o)
 .comment       0x00000030       0x31 ../drivers\libIotLibrary.a(serial.o)
 .comment       0x00000030       0x31 ../drivers\libIotLibrary.a(stdio_driver.o)
 .comment       0x00000030       0x31 ../drivers\libIotLibrary.a(tsl2591.o)
 .comment       0x00000030       0x31 ../drivers\libIotLibrary.a(twi.o)
 .comment       0x00000030       0x31 ../drivers\libIotLibrary.a(fifo.o)
 .comment       0x00000030       0x2c c:/program files (x86)/atmel/studio/7.0/toolchain/avr8/avr8-gnu-toolchain/bin/../lib/gcc/avr/5.4.0/../../../../avr/lib/avr6\libprintf_flt.a(vfprintf_flt.o)
                                 0x2d (size before relaxing)
 .comment       0x0000005c       0x31 c:/program files (x86)/atmel/studio/7.0/toolchain/avr8/avr8-gnu-toolchain/bin/../lib/gcc/avr/5.4.0/../../../../avr/lib/avr6\libc.a(calloc.o)
 .comment       0x0000005c       0x31 c:/program files (x86)/atmel/studio/7.0/toolchain/avr8/avr8-gnu-toolchain/bin/../lib/gcc/avr/5.4.0/../../../../avr/lib/avr6\libc.a(malloc.o)
 .comment       0x0000005c       0x31 c:/program files (x86)/atmel/studio/7.0/toolchain/avr8/avr8-gnu-toolchain/bin/../lib/gcc/avr/5.4.0/../../../../avr/lib/avr6\libc.a(fputc.o)
 .comment       0x0000005c       0x31 c:/program files (x86)/atmel/studio/7.0/toolchain/avr8/avr8-gnu-toolchain/bin/../lib/gcc/avr/5.4.0/../../../../avr/lib/avr6\libc.a(iob.o)
 .comment       0x0000005c       0x31 c:/program files (x86)/atmel/studio/7.0/toolchain/avr8/avr8-gnu-toolchain/bin/../lib/gcc/avr/5.4.0/../../../../avr/lib/avr6\libc.a(printf.o)
 .comment       0x0000005c       0x31 c:/program files (x86)/atmel/studio/7.0/toolchain/avr8/avr8-gnu-toolchain/bin/../lib/gcc/avr/5.4.0/../../../../avr/lib/avr6\libc.a(puts.o)
 .comment       0x0000005c       0x31 c:/program files (x86)/atmel/studio/7.0/toolchain/avr8/avr8-gnu-toolchain/bin/../lib/gcc/avr/5.4.0/../../../../avr/lib/avr6\libc.a(sprintf.o)

.note.gnu.avr.deviceinfo
                0x00000000       0x40
 .note.gnu.avr.deviceinfo
                0x00000000       0x40 C:/Program Files (x86)/Atmel/Studio/7.0/Packs/atmel/ATmega_DFP/1.3.300/gcc/dev/atmega2560/avr6/crtatmega2560.o

.note.gnu.build-id
 *(.note.gnu.build-id)

.debug
 *(.debug)

.line
 *(.line)

.debug_srcinfo
 *(.debug_srcinfo)

.debug_sfnames
 *(.debug_sfnames)

.debug_aranges  0x00000000      0xd00
 *(.debug_aranges)
 .debug_aranges
                0x00000000       0x40 src/handler/sensor_data_package_handler.o
 .debug_aranges
                0x00000040       0x20 src/main.o
 .debug_aranges
                0x00000060       0x40 src/tasks/co2_sensor_task.o
 .debug_aranges
                0x000000a0       0x40 src/tasks/light_sensor_task.o
 .debug_aranges
                0x000000e0       0x40 src/tasks/lora_sensor_task.o
 .debug_aranges
                0x00000120       0x28 src/tasks/sensor_control_task.o
 .debug_aranges
                0x00000148       0x40 src/tasks/temperature_humidity_task.o
 .debug_aranges
                0x00000188       0x30 FreeRTOS/FreeRTOSTraceDriver/FreeRTOSTraceDriver.o
 .debug_aranges
                0x000001b8       0x78 FreeRTOS/src/event_groups.o
 .debug_aranges
                0x00000230       0x50 FreeRTOS/src/heap_4.o
 .debug_aranges
                0x00000280       0x40 FreeRTOS/src/list.o
 .debug_aranges
                0x000002c0       0x50 FreeRTOS/src/port.o
 .debug_aranges
                0x00000310      0x118 FreeRTOS/src/queue.o
 .debug_aranges
                0x00000428       0xd8 FreeRTOS/src/stream_buffer.o
 .debug_aranges
                0x00000500      0x210 FreeRTOS/src/tasks.o
 .debug_aranges
                0x00000710       0xd0 FreeRTOS/src/timers.o
 .debug_aranges
                0x000007e0       0x30 FreeRTOS/src/variantHooks.o
 .debug_aranges
                0x00000810       0x20 ../drivers\libIotLibrary.a(hal.o)
 .debug_aranges
                0x00000830       0x68 ../drivers\libIotLibrary.a(hih8120.o)
 .debug_aranges
                0x00000898       0x68 ../drivers\libIotLibrary.a(led.o)
 .debug_aranges
                0x00000900      0x138 ../drivers\libIotLibrary.a(lora_driver.o)
 .debug_aranges
                0x00000a38       0x28 ../drivers\libIotLibrary.a(lora_driver_utils.o)
 .debug_aranges
                0x00000a60       0x70 ../drivers\libIotLibrary.a(mega_register_access.o)
 .debug_aranges
                0x00000ad0       0x50 ../drivers\libIotLibrary.a(mh_z19.o)
 .debug_aranges
                0x00000b20       0x90 ../drivers\libIotLibrary.a(serial.o)
 .debug_aranges
                0x00000bb0       0x38 ../drivers\libIotLibrary.a(stdio_driver.o)
 .debug_aranges
                0x00000be8       0xa8 ../drivers\libIotLibrary.a(tsl2591.o)
 .debug_aranges
                0x00000c90       0x50 ../drivers\libIotLibrary.a(twi.o)
 .debug_aranges
                0x00000ce0       0x20 ../drivers\libIotLibrary.a(fifo.o)

.debug_pubnames
 *(.debug_pubnames)

.debug_info     0x00000000     0xbf65
 *(.debug_info .gnu.linkonce.wi.*)
 .debug_info    0x00000000      0xbbc C:/Program Files (x86)/Atmel/Studio/7.0/Packs/atmel/ATmega_DFP/1.3.300/gcc/dev/atmega2560/avr6/crtatmega2560.o
 .debug_info    0x00000bbc      0x22c src/handler/sensor_data_package_handler.o
 .debug_info    0x00000de8       0xaf src/main.o
 .debug_info    0x00000e97      0x26d src/tasks/co2_sensor_task.o
 .debug_info    0x00001104      0x297 src/tasks/light_sensor_task.o
 .debug_info    0x0000139b      0x365 src/tasks/lora_sensor_task.o
 .debug_info    0x00001700      0x235 src/tasks/sensor_control_task.o
 .debug_info    0x00001935      0x274 src/tasks/temperature_humidity_task.o
 .debug_info    0x00001ba9       0xd1 FreeRTOS/FreeRTOSTraceDriver/FreeRTOSTraceDriver.o
 .debug_info    0x00001c7a      0x6f0 FreeRTOS/src/event_groups.o
 .debug_info    0x0000236a      0x308 FreeRTOS/src/heap_4.o
 .debug_info    0x00002672      0x2c2 FreeRTOS/src/list.o
 .debug_info    0x00002934      0x237 FreeRTOS/src/port.o
 .debug_info    0x00002b6b      0xf9f FreeRTOS/src/queue.o
 .debug_info    0x00003b0a      0xcab FreeRTOS/src/stream_buffer.o
 .debug_info    0x000047b5     0x1a5d FreeRTOS/src/tasks.o
 .debug_info    0x00006212      0xa94 FreeRTOS/src/timers.o
 .debug_info    0x00006ca6      0x226 FreeRTOS/src/variantHooks.o
 .debug_info    0x00006ecc      0x20d ../drivers\libIotLibrary.a(hal.o)
 .debug_info    0x000070d9      0x3a9 ../drivers\libIotLibrary.a(hih8120.o)
 .debug_info    0x00007482      0x6d5 ../drivers\libIotLibrary.a(led.o)
 .debug_info    0x00007b57     0x18a9 ../drivers\libIotLibrary.a(lora_driver.o)
 .debug_info    0x00009400      0x143 ../drivers\libIotLibrary.a(lora_driver_utils.o)
 .debug_info    0x00009543      0x2e1 ../drivers\libIotLibrary.a(mega_register_access.o)
 .debug_info    0x00009824      0x538 ../drivers\libIotLibrary.a(mh_z19.o)
 .debug_info    0x00009d5c      0xdb3 ../drivers\libIotLibrary.a(serial.o)
 .debug_info    0x0000ab0f      0x39c ../drivers\libIotLibrary.a(stdio_driver.o)
 .debug_info    0x0000aeab      0x99a ../drivers\libIotLibrary.a(tsl2591.o)
 .debug_info    0x0000b845      0x55d ../drivers\libIotLibrary.a(twi.o)
 .debug_info    0x0000bda2      0x1c3 ../drivers\libIotLibrary.a(fifo.o)

.debug_abbrev   0x00000000     0x35b0
 *(.debug_abbrev)
 .debug_abbrev  0x00000000      0xb1a C:/Program Files (x86)/Atmel/Studio/7.0/Packs/atmel/ATmega_DFP/1.3.300/gcc/dev/atmega2560/avr6/crtatmega2560.o
 .debug_abbrev  0x00000b1a       0xdb src/handler/sensor_data_package_handler.o
 .debug_abbrev  0x00000bf5       0x5e src/main.o
 .debug_abbrev  0x00000c53       0xec src/tasks/co2_sensor_task.o
 .debug_abbrev  0x00000d3f       0xe8 src/tasks/light_sensor_task.o
 .debug_abbrev  0x00000e27      0x12b src/tasks/lora_sensor_task.o
 .debug_abbrev  0x00000f52       0xe8 src/tasks/sensor_control_task.o
 .debug_abbrev  0x0000103a       0xdb src/tasks/temperature_humidity_task.o
 .debug_abbrev  0x00001115       0x92 FreeRTOS/FreeRTOSTraceDriver/FreeRTOSTraceDriver.o
 .debug_abbrev  0x000011a7      0x15a FreeRTOS/src/event_groups.o
 .debug_abbrev  0x00001301      0x174 FreeRTOS/src/heap_4.o
 .debug_abbrev  0x00001475       0xc7 FreeRTOS/src/list.o
 .debug_abbrev  0x0000153c      0x16c FreeRTOS/src/port.o
 .debug_abbrev  0x000016a8      0x1d9 FreeRTOS/src/queue.o
 .debug_abbrev  0x00001881      0x1e8 FreeRTOS/src/stream_buffer.o
 .debug_abbrev  0x00001a69      0x253 FreeRTOS/src/tasks.o
 .debug_abbrev  0x00001cbc      0x1ce FreeRTOS/src/timers.o
 .debug_abbrev  0x00001e8a       0xf2 FreeRTOS/src/variantHooks.o
 .debug_abbrev  0x00001f7c       0xff ../drivers\libIotLibrary.a(hal.o)
 .debug_abbrev  0x0000207b      0x184 ../drivers\libIotLibrary.a(hih8120.o)
 .debug_abbrev  0x000021ff      0x228 ../drivers\libIotLibrary.a(led.o)
 .debug_abbrev  0x00002427      0x382 ../drivers\libIotLibrary.a(lora_driver.o)
 .debug_abbrev  0x000027a9       0xc0 ../drivers\libIotLibrary.a(lora_driver_utils.o)
 .debug_abbrev  0x00002869       0xd3 ../drivers\libIotLibrary.a(mega_register_access.o)
 .debug_abbrev  0x0000293c      0x20f ../drivers\libIotLibrary.a(mh_z19.o)
 .debug_abbrev  0x00002b4b      0x364 ../drivers\libIotLibrary.a(serial.o)
 .debug_abbrev  0x00002eaf      0x1be ../drivers\libIotLibrary.a(stdio_driver.o)
 .debug_abbrev  0x0000306d      0x244 ../drivers\libIotLibrary.a(tsl2591.o)
 .debug_abbrev  0x000032b1      0x217 ../drivers\libIotLibrary.a(twi.o)
 .debug_abbrev  0x000034c8       0xe8 ../drivers\libIotLibrary.a(fifo.o)

.debug_line     0x00000000     0x7f08
 *(.debug_line .debug_line.* .debug_line_end)
 .debug_line    0x00000000      0x1f9 C:/Program Files (x86)/Atmel/Studio/7.0/Packs/atmel/ATmega_DFP/1.3.300/gcc/dev/atmega2560/avr6/crtatmega2560.o
 .debug_line    0x000001f9      0x19c src/handler/sensor_data_package_handler.o
 .debug_line    0x00000395       0x7a src/main.o
 .debug_line    0x0000040f      0x1e3 src/tasks/co2_sensor_task.o
 .debug_line    0x000005f2      0x223 src/tasks/light_sensor_task.o
 .debug_line    0x00000815      0x2a5 src/tasks/lora_sensor_task.o
 .debug_line    0x00000aba      0x2a5 src/tasks/sensor_control_task.o
 .debug_line    0x00000d5f      0x255 src/tasks/temperature_humidity_task.o
 .debug_line    0x00000fb4      0x10f FreeRTOS/FreeRTOSTraceDriver/FreeRTOSTraceDriver.o
 .debug_line    0x000010c3      0x4e3 FreeRTOS/src/event_groups.o
 .debug_line    0x000015a6      0x393 FreeRTOS/src/heap_4.o
 .debug_line    0x00001939      0x1f0 FreeRTOS/src/list.o
 .debug_line    0x00001b29      0x452 FreeRTOS/src/port.o
 .debug_line    0x00001f7b      0xd73 FreeRTOS/src/queue.o
 .debug_line    0x00002cee      0x89f FreeRTOS/src/stream_buffer.o
 .debug_line    0x0000358d     0x1a12 FreeRTOS/src/tasks.o
 .debug_line    0x00004f9f      0x6c1 FreeRTOS/src/timers.o
 .debug_line    0x00005660      0x23a FreeRTOS/src/variantHooks.o
 .debug_line    0x0000589a       0xff ../drivers\libIotLibrary.a(hal.o)
 .debug_line    0x00005999      0x246 ../drivers\libIotLibrary.a(hih8120.o)
 .debug_line    0x00005bdf      0x31b ../drivers\libIotLibrary.a(led.o)
 .debug_line    0x00005efa      0x9ab ../drivers\libIotLibrary.a(lora_driver.o)
 .debug_line    0x000068a5      0x194 ../drivers\libIotLibrary.a(lora_driver_utils.o)
 .debug_line    0x00006a39      0x1af ../drivers\libIotLibrary.a(mega_register_access.o)
 .debug_line    0x00006be8      0x2d6 ../drivers\libIotLibrary.a(mh_z19.o)
 .debug_line    0x00006ebe      0x636 ../drivers\libIotLibrary.a(serial.o)
 .debug_line    0x000074f4      0x13a ../drivers\libIotLibrary.a(stdio_driver.o)
 .debug_line    0x0000762e      0x4bb ../drivers\libIotLibrary.a(tsl2591.o)
 .debug_line    0x00007ae9      0x306 ../drivers\libIotLibrary.a(twi.o)
 .debug_line    0x00007def      0x119 ../drivers\libIotLibrary.a(fifo.o)

.debug_frame    0x00000000     0x2eec
 *(.debug_frame)
 .debug_frame   0x00000000       0xb4 src/handler/sensor_data_package_handler.o
 .debug_frame   0x000000b4       0x34 src/main.o
 .debug_frame   0x000000e8       0xe0 src/tasks/co2_sensor_task.o
 .debug_frame   0x000001c8       0xe0 src/tasks/light_sensor_task.o
 .debug_frame   0x000002a8       0xc8 src/tasks/lora_sensor_task.o
 .debug_frame   0x00000370       0x7c src/tasks/sensor_control_task.o
 .debug_frame   0x000003ec       0xe0 src/tasks/temperature_humidity_task.o
 .debug_frame   0x000004cc       0x74 FreeRTOS/FreeRTOSTraceDriver/FreeRTOSTraceDriver.o
 .debug_frame   0x00000540      0x1dc FreeRTOS/src/event_groups.o
 .debug_frame   0x0000071c       0xf4 FreeRTOS/src/heap_4.o
 .debug_frame   0x00000810       0xb4 FreeRTOS/src/list.o
 .debug_frame   0x000008c4       0xc4 FreeRTOS/src/port.o
 .debug_frame   0x00000988      0x454 FreeRTOS/src/queue.o
 .debug_frame   0x00000ddc      0x3d4 FreeRTOS/src/stream_buffer.o
 .debug_frame   0x000011b0      0x928 FreeRTOS/src/tasks.o
 .debug_frame   0x00001ad8      0x3f8 FreeRTOS/src/timers.o
 .debug_frame   0x00001ed0       0x74 FreeRTOS/src/variantHooks.o
 .debug_frame   0x00001f44       0x24 ../drivers\libIotLibrary.a(hal.o)
 .debug_frame   0x00001f68       0xc0 ../drivers\libIotLibrary.a(hih8120.o)
 .debug_frame   0x00002028      0x11c ../drivers\libIotLibrary.a(led.o)
 .debug_frame   0x00002144      0x460 ../drivers\libIotLibrary.a(lora_driver.o)
 .debug_frame   0x000025a4       0x48 ../drivers\libIotLibrary.a(lora_driver_utils.o)
 .debug_frame   0x000025ec       0xc4 ../drivers\libIotLibrary.a(mega_register_access.o)
 .debug_frame   0x000026b0       0xf8 ../drivers\libIotLibrary.a(mh_z19.o)
 .debug_frame   0x000027a8      0x384 ../drivers\libIotLibrary.a(serial.o)
 .debug_frame   0x00002b2c       0x84 ../drivers\libIotLibrary.a(stdio_driver.o)
 .debug_frame   0x00002bb0      0x1ec ../drivers\libIotLibrary.a(tsl2591.o)
 .debug_frame   0x00002d9c      0x12c ../drivers\libIotLibrary.a(twi.o)
 .debug_frame   0x00002ec8       0x24 ../drivers\libIotLibrary.a(fifo.o)

.debug_str      0x00000000     0x4f0b
 *(.debug_str)
 .debug_str     0x00000000      0x3e6 C:/Program Files (x86)/Atmel/Studio/7.0/Packs/atmel/ATmega_DFP/1.3.300/gcc/dev/atmega2560/avr6/crtatmega2560.o
 .debug_str     0x000003e6      0x2b9 src/handler/sensor_data_package_handler.o
                                0x32b (size before relaxing)
 .debug_str     0x0000069f       0x3f src/main.o
                                0x1bc (size before relaxing)
 .debug_str     0x000006de      0x212 src/tasks/co2_sensor_task.o
                                0x3cf (size before relaxing)
 .debug_str     0x000008f0      0x173 src/tasks/light_sensor_task.o
                                0x417 (size before relaxing)
 .debug_str     0x00000a63      0x298 src/tasks/lora_sensor_task.o
                                0x4fc (size before relaxing)
 .debug_str     0x00000cfb       0xc0 src/tasks/sensor_control_task.o
                                0x341 (size before relaxing)
 .debug_str     0x00000dbb      0x1b3 src/tasks/temperature_humidity_task.o
                                0x45d (size before relaxing)
 .debug_str     0x00000f6e       0x68 FreeRTOS/FreeRTOSTraceDriver/FreeRTOSTraceDriver.o
                                0x1df (size before relaxing)
 .debug_str     0x00000fd6      0x340 FreeRTOS/src/event_groups.o
                                0x53d (size before relaxing)
 .debug_str     0x00001316      0x1fb FreeRTOS/src/heap_4.o
                                0x380 (size before relaxing)
 .debug_str     0x00001511       0x99 FreeRTOS/src/list.o
                                0x2dc (size before relaxing)
 .debug_str     0x000015aa       0xfd FreeRTOS/src/port.o
                                0x2a3 (size before relaxing)
 .debug_str     0x000016a7      0x569 FreeRTOS/src/queue.o
                                0x85f (size before relaxing)
 .debug_str     0x00001c10      0x4d9 FreeRTOS/src/stream_buffer.o
                                0x764 (size before relaxing)
 .debug_str     0x000020e9      0xc99 FreeRTOS/src/tasks.o
                               0x1079 (size before relaxing)
 .debug_str     0x00002d82      0x455 FreeRTOS/src/timers.o
                                0x74b (size before relaxing)
 .debug_str     0x000031d7       0x77 FreeRTOS/src/variantHooks.o
                                0x268 (size before relaxing)
 .debug_str     0x0000324e      0x181 ../drivers\libIotLibrary.a(hal.o)
                                0x278 (size before relaxing)
 .debug_str     0x000033cf      0x229 ../drivers\libIotLibrary.a(hih8120.o)
                                0x44a (size before relaxing)
 .debug_str     0x000035f8      0x11d ../drivers\libIotLibrary.a(led.o)
                                0x3cd (size before relaxing)
 .debug_str     0x00003715      0x826 ../drivers\libIotLibrary.a(lora_driver.o)
                                0xd8f (size before relaxing)
 .debug_str     0x00003f3b       0x46 ../drivers\libIotLibrary.a(lora_driver_utils.o)
                                0x205 (size before relaxing)
 .debug_str     0x00003f81       0xdf ../drivers\libIotLibrary.a(mega_register_access.o)
                                0x252 (size before relaxing)
 .debug_str     0x00004060      0x132 ../drivers\libIotLibrary.a(mh_z19.o)
                                0x47a (size before relaxing)
 .debug_str     0x00004192      0x2e5 ../drivers\libIotLibrary.a(serial.o)
                                0x639 (size before relaxing)
 .debug_str     0x00004477       0xb0 ../drivers\libIotLibrary.a(stdio_driver.o)
                                0x378 (size before relaxing)
 .debug_str     0x00004527      0x6eb ../drivers\libIotLibrary.a(tsl2591.o)
                                0xa95 (size before relaxing)
 .debug_str     0x00004c12      0x2d9 ../drivers\libIotLibrary.a(twi.o)
                                0x5a8 (size before relaxing)
 .debug_str     0x00004eeb       0x20 ../drivers\libIotLibrary.a(fifo.o)
                                0x237 (size before relaxing)

.debug_loc      0x00000000     0x803a
 *(.debug_loc)
 .debug_loc     0x00000000      0x167 src/handler/sensor_data_package_handler.o
 .debug_loc     0x00000167       0x3b src/main.o
 .debug_loc     0x000001a2      0x1b6 src/tasks/co2_sensor_task.o
 .debug_loc     0x00000358      0x1c3 src/tasks/light_sensor_task.o
 .debug_loc     0x0000051b      0x182 src/tasks/lora_sensor_task.o
 .debug_loc     0x0000069d       0xea src/tasks/sensor_control_task.o
 .debug_loc     0x00000787      0x1b6 src/tasks/temperature_humidity_task.o
 .debug_loc     0x0000093d       0xcb FreeRTOS/FreeRTOSTraceDriver/FreeRTOSTraceDriver.o
 .debug_loc     0x00000a08      0x403 FreeRTOS/src/event_groups.o
 .debug_loc     0x00000e0b      0x1cf FreeRTOS/src/heap_4.o
 .debug_loc     0x00000fda      0x167 FreeRTOS/src/list.o
 .debug_loc     0x00001141       0xf8 FreeRTOS/src/port.o
 .debug_loc     0x00001239      0x975 FreeRTOS/src/queue.o
 .debug_loc     0x00001bae      0x877 FreeRTOS/src/stream_buffer.o
 .debug_loc     0x00002425     0x146c FreeRTOS/src/tasks.o
 .debug_loc     0x00003891      0x8d1 FreeRTOS/src/timers.o
 .debug_loc     0x00004162       0xc9 FreeRTOS/src/variantHooks.o
 .debug_loc     0x0000422b       0x2c ../drivers\libIotLibrary.a(hal.o)
 .debug_loc     0x00004257       0x9f ../drivers\libIotLibrary.a(hih8120.o)
 .debug_loc     0x000042f6      0x390 ../drivers\libIotLibrary.a(led.o)
 .debug_loc     0x00004686     0x1216 ../drivers\libIotLibrary.a(lora_driver.o)
 .debug_loc     0x0000589c      0x1d2 ../drivers\libIotLibrary.a(lora_driver_utils.o)
 .debug_loc     0x00005a6e       0xe9 ../drivers\libIotLibrary.a(mega_register_access.o)
 .debug_loc     0x00005b57      0x3cd ../drivers\libIotLibrary.a(mh_z19.o)
 .debug_loc     0x00005f24     0x1080 ../drivers\libIotLibrary.a(serial.o)
 .debug_loc     0x00006fa4      0x144 ../drivers\libIotLibrary.a(stdio_driver.o)
 .debug_loc     0x000070e8      0x87f ../drivers\libIotLibrary.a(tsl2591.o)
 .debug_loc     0x00007967      0x575 ../drivers\libIotLibrary.a(twi.o)
 .debug_loc     0x00007edc      0x15e ../drivers\libIotLibrary.a(fifo.o)

.debug_macinfo
 *(.debug_macinfo)

.debug_weaknames
 *(.debug_weaknames)

.debug_funcnames
 *(.debug_funcnames)

.debug_typenames
 *(.debug_typenames)

.debug_varnames
 *(.debug_varnames)

.debug_pubtypes
 *(.debug_pubtypes)

.debug_ranges   0x00000000      0xb60
 *(.debug_ranges)
 .debug_ranges  0x00000000       0x30 src/handler/sensor_data_package_handler.o
 .debug_ranges  0x00000030       0x10 src/main.o
 .debug_ranges  0x00000040       0x30 src/tasks/co2_sensor_task.o
 .debug_ranges  0x00000070       0x30 src/tasks/light_sensor_task.o
 .debug_ranges  0x000000a0       0x30 src/tasks/lora_sensor_task.o
 .debug_ranges  0x000000d0       0x18 src/tasks/sensor_control_task.o
 .debug_ranges  0x000000e8       0x30 src/tasks/temperature_humidity_task.o
 .debug_ranges  0x00000118       0x20 FreeRTOS/FreeRTOSTraceDriver/FreeRTOSTraceDriver.o
 .debug_ranges  0x00000138       0x68 FreeRTOS/src/event_groups.o
 .debug_ranges  0x000001a0       0x40 FreeRTOS/src/heap_4.o
 .debug_ranges  0x000001e0       0x30 FreeRTOS/src/list.o
 .debug_ranges  0x00000210       0x40 FreeRTOS/src/port.o
 .debug_ranges  0x00000250      0x108 FreeRTOS/src/queue.o
 .debug_ranges  0x00000358       0xc8 FreeRTOS/src/stream_buffer.o
 .debug_ranges  0x00000420      0x200 FreeRTOS/src/tasks.o
 .debug_ranges  0x00000620       0xc0 FreeRTOS/src/timers.o
 .debug_ranges  0x000006e0       0x20 FreeRTOS/src/variantHooks.o
 .debug_ranges  0x00000700       0x10 ../drivers\libIotLibrary.a(hal.o)
 .debug_ranges  0x00000710       0x58 ../drivers\libIotLibrary.a(hih8120.o)
 .debug_ranges  0x00000768       0x58 ../drivers\libIotLibrary.a(led.o)
 .debug_ranges  0x000007c0      0x128 ../drivers\libIotLibrary.a(lora_driver.o)
 .debug_ranges  0x000008e8       0x30 ../drivers\libIotLibrary.a(lora_driver_utils.o)
 .debug_ranges  0x00000918       0x60 ../drivers\libIotLibrary.a(mega_register_access.o)
 .debug_ranges  0x00000978       0x40 ../drivers\libIotLibrary.a(mh_z19.o)
 .debug_ranges  0x000009b8       0x98 ../drivers\libIotLibrary.a(serial.o)
 .debug_ranges  0x00000a50       0x28 ../drivers\libIotLibrary.a(stdio_driver.o)
 .debug_ranges  0x00000a78       0x98 ../drivers\libIotLibrary.a(tsl2591.o)
 .debug_ranges  0x00000b10       0x40 ../drivers\libIotLibrary.a(twi.o)
 .debug_ranges  0x00000b50       0x10 ../drivers\libIotLibrary.a(fifo.o)

.debug_macro
 *(.debug_macro)
OUTPUT(IoTApp.elf elf32-avr)
LOAD linker stubs
